muxpart__177: register_file_r_z__GB12, 
muxpart__504: register_file_r_z__GB12, 
muxpart__22: register_file__GB3, 
reg__253: register_file_r_z__GB4, 
datapath__22: gru_cell__GC0, 
case__422: register_file_r_z__GB12, 
case__385: register_file_r_z__GB12, 
logic__890: register_file_r_z__GB12, 
muxpart__89: register_file__GB3, 
reg__186: register_file_r_z__GB5, 
reg__69: register_file__GB2, 
case__243: register_file_r_z__GB7, 
elementwise_sub: gru_cell__GC0, 
muxpart__576: register_file_r_z__GB5, 
muxpart__33: register_file__GB3, 
logic__114: register_file__GB3, 
logic__1144: register_file_r_z__GB12, 
register_file_r_z__GB2: register_file_r_z__GB2, 
muxpart__61: register_file__GB3, 
case__16: register_file_r_z__GB4, 
muxpart__175: register_file_r_z__GB4, 
datapath__13: columnwise_mvm__GB2, columnwise_mvm__GB1, columnwise_mvm__GB0, 
muxpart__507: register_file_r_z__GB12, 
logic__728: register_file_r_z__GB12, 
logic__556: register_file_r_z__GB4, 
activation_function__GB3: activation_function__GB3, 
reg__280: register_file_r_z__GB11, 
case__291: register_file_r_z__GB9, 
case__216: register_file_r_z__GB7, 
muxpart__45: register_file__GB3, 
logic__528: register_file_r_z__GB12, 
muxpart__377: register_file_r_z__GB12, 
muxpart__475: register_file_r_z__GB5, 
logic__1442: register_file_r_z__GB3, 
logic__572: register_file_r_z__GB12, 
logic__1246: register_file_r_z__GB4, 
muxpart__386: register_file_r_z__GB7, 
reg__58: register_file__GB2, 
case__355: register_file_r_z__GB4, 
case__269: register_file_r_z__GB12, 
muxpart__70: register_file__GB3, 
logic__1070: register_file_r_z__GB5, 
muxpart__351: register_file_r_z__GB7, 
logic__254: register_file__GB3, 
case__160: register_file_r_z__GB7, 
case__12: gru_cell__GC0, 
logic__690: register_file_r_z__GB12, 
logic__818: register_file_r_z__GB12, 
case__95: register_file_r_z__GB10, 
muxpart__38: register_file__GB3, 
logic__106: register_file__GB3, 
logic__608: register_file_r_z__GB12, 
reg__153: register_file__parameterized0__GB0, 
case__43: register_file_r_z__GB4, 
reg__124: register_file__GB3, 
reg__218: register_file_r_z__GB8, 
muxpart__537: register_file_r_z__GB12, 
extram: gru_cell__GC0, 
muxpart__117: register_file__GB3, 
muxpart__715: register_file_r_z__GB9, 
case__382: register_file_r_z__GB12, 
logic__1198: register_file_r_z__GB12, 
muxpart__491: register_file_r_z__GB5, 
register_file_r_z__GB11: register_file_r_z__GB11, 
logic__1328: register_file_r_z__GB3, 
muxpart__572: register_file_r_z__GB12, 
logic__308: register_file__GB3, 
logic__31: gru_cell__GC0, 
muxpart__39: register_file__GB3, 
reg__47: register_file__GB2, 
abs: activation_function__GB3, activation_function__GB2, activation_function__GB1, activation_function__GB0, 
logic__664: register_file_r_z__GB6, 
reg__197: register_file_r_z__GB7, 
muxpart__444: register_file_r_z__GB12, 
logic__716: register_file_r_z__GB8, 
logic__734: register_file_r_z__GB7, 
muxpart__654: register_file_r_z__GB12, 
logic__1096: register_file_r_z__GB12, 
counter__5: gru_cell__GC0, 
muxpart__469: register_file_r_z__GB12, 
muxpart__552: register_file_r_z__GB12, 
muxpart__494: register_file_r_z__GB12, 
logic__1418: register_file_r_z__GB12, 
muxpart__283: register_file_r_z__GB12, 
reg__257: register_file_r_z__GB11, 
logic__1068: register_file_r_z__GB12, 
case__24: register_file_r_z__GB10, 
logic__828: register_file_r_z__GB12, 
muxpart__223: register_file_r_z__GB12, 
case__338: register_file_r_z__GB12, 
case__359: register_file_r_z__GB4, 
muxpart__708: register_file_r_z__GB12, 
muxpart__19: register_file__GB3, 
muxpart__397: register_file_r_z__GB12, 
logic__1064: register_file_r_z__GB12, 
register_file__parameterized0__GB0: register_file__parameterized0__GB0, 
case__413: register_file_r_z__GB12, 
case__6: columnwise_mvm__GB2, columnwise_mvm__GB1, columnwise_mvm__GB0, 
case__46: register_file_r_z__GB12, 
muxpart__288: register_file_r_z__GB12, 
reg__271: register_file_r_z__GB11, 
case__451: register_file_r_z__GB9, 
logic__1354: register_file_r_z__GB12, 
muxpart__264: register_file_r_z__GB12, 
reg__274: register_file_r_z__GB3, 
logic__478: register_file_r_z__GB12, 
muxpart__349: register_file_r_z__GB12, 
reg__95: register_file__GB3, 
muxpart__691: register_file_r_z__GB3, 
muxpart__577: register_file_r_z__GB12, 
muxpart__555: register_file_r_z__GB5, 
reg__65: register_file__GB2, 
logic__126: register_file__GB3, 
logic__506: register_file_r_z__GB4, 
case__267: register_file_r_z__GB5, 
logic__784: register_file_r_z__GB7, 
case__444: register_file_r_z__GB3, 
logic__240: register_file__GB3, 
reg__74: register_file__GB2, 
case__233: register_file_r_z__GB12, 
logic__1346: register_file_r_z__GB9, 
muxpart__651: register_file_r_z__GB3, 
case__439: register_file_r_z__GB3, 
muxpart__669: register_file_r_z__GB12, 
logic__900: register_file_r_z__GB12, 
muxpart__207: register_file_r_z__GB12, 
logic__1164: register_file_r_z__GB12, 
muxpart__570: register_file_r_z__GB5, 
muxpart__493: register_file_r_z__GB12, 
datapath__51: gru_cell__GC0, 
reg__115: register_file__GB3, 
reg__93: register_file__GB3, 
logic__1482: register_file_r_z__GB12, 
muxpart__549: register_file_r_z__GB12, 
reg__227: register_file_r_z__GB8, 
logic__1447: register_file_r_z__GB12, 
muxpart__347: register_file_r_z__GB12, 
reg__250: register_file_r_z__GB6, 
muxpart__354: register_file_r_z__GB12, 
logic__662: register_file_r_z__GB12, 
muxpart__200: register_file_r_z__GB4, 
datapath__3: gru_cell__GC0, 
logic__27: gru_cell__GC0, 
logic__1248: register_file_r_z__GB4, 
case__42: register_file_r_z__GB12, 
logic__79: activation_function__GB3, activation_function__GB2, activation_function__GB1, activation_function__GB0, 
logic__1076: register_file_r_z__GB12, 
muxpart__309: register_file_r_z__GB12, 
logic__516: register_file_r_z__GB4, 
muxpart__331: register_file_r_z__GB7, 
case__401: register_file_r_z__GB12, 
muxpart__265: register_file_r_z__GB9, 
logic__1252: register_file_r_z__GB12, 
case__268: register_file_r_z__GB5, 
case__272: register_file_r_z__GB5, 
logic__1236: register_file_r_z__GB6, 
muxpart__94: register_file__GB3, 
register_file_r_z__GB4: register_file_r_z__GB4, 
logic__1158: register_file_r_z__GB12, 
muxpart__635: register_file_r_z__GB3, 
datapath__37: activation_function__GB3, activation_function__GB2, activation_function__GB1, activation_function__GB0, 
logic__952: register_file_r_z__GB7, 
adder__parameterized1: gru_cell__GC0, columnwise_mvm__GB2, columnwise_mvm__GB1, columnwise_mvm__GB0, 
reg__270: register_file_r_z__GB3, 
logic__122: register_file__GB3, 
logic__1499: register_file_r_z__GB12, 
reg__45: register_file__GB2, 
logic__1322: register_file_r_z__GB12, 
case__358: register_file_r_z__GB12, 
muxpart__544: register_file_r_z__GB12, 
logic__1368: register_file_r_z__GB3, 
muxpart__369: register_file_r_z__GB12, 
muxpart__531: register_file_r_z__GB9, 
case__186: register_file_r_z__GB12, 
muxpart__661: register_file_r_z__GB3, 
logic__360: register_file__parameterized0__GB2, 
control_unit: gru_cell__GC0, 
case__415: register_file_r_z__GB3, 
reg__14: gru_cell__GC0, 
case__223: register_file_r_z__GB7, 
logic__1420: register_file_r_z__GB12, 
muxpart__696: register_file_r_z__GB3, 
logic__908: register_file_r_z__GB12, 
muxpart__241: register_file_r_z__GB4, 
muxpart__113: register_file__GB3, 
reg__83: register_file__GB3, 
reg__249: register_file_r_z__GB6, 
case__409: register_file_r_z__GB12, 
muxpart__545: register_file_r_z__GB9, 
logic__788: register_file_r_z__GB12, 
muxpart__550: register_file_r_z__GB5, 
logic__376: register_file__parameterized0__GB2, 
case__36: register_file_r_z__GB4, 
logic__1502: register_file_r_z__GB3, 
muxpart__400: register_file_r_z__GB7, 
muxpart__543: register_file_r_z__GB12, 
logic__158: register_file__GB3, 
muxpart__51: register_file__GB3, 
reg__99: register_file__GB3, 
muxpart__183: register_file_r_z__GB12, 
muxpart__673: register_file_r_z__GB12, 
case__258: register_file_r_z__GB12, 
muxpart__416: register_file_r_z__GB7, 
case__431: register_file_r_z__GB3, 
logic__940: register_file_r_z__GB10, 
logic__248: register_file__GB3, 
logic__380: register_file__parameterized0__GB2, 
case__165: register_file_r_z__GB12, 
logic__878: register_file_r_z__GB12, 
datapath__35: activation_function__GB3, activation_function__GB2, activation_function__GB1, activation_function__GB0, 
muxpart__716: register_file_r_z__GB9, 
case__202: register_file_r_z__GB12, 
logic__2: gru_cell__GC0, 
logic__262: register_file__GB3, 
register_file_r_z__GB8: register_file_r_z__GB8, 
muxpart__83: register_file__GB3, 
muxpart__676: register_file_r_z__GB3, 
datapath__6: gru_cell__GC0, 
logic__546: register_file_r_z__GB11, 
reg__179: register_file_r_z__GB11, 
case__143: register_file_r_z__GB7, 
reg__238: register_file_r_z__GB6, 
case__92: register_file_r_z__GB9, 
logic__1213: register_file_r_z__GB12, 
reg__182: register_file_r_z__GB4, 
logic__1369: register_file_r_z__GB12, 
muxpart__88: register_file__GB3, 
muxpart__719: register_file_r_z__GB12, 
muxpart__69: register_file__GB3, 
logic__342: register_file__parameterized0__GB2, 
case__328: register_file_r_z__GB5, 
case__454: register_file_r_z__GB12, 
case__399: register_file_r_z__GB3, 
logic__26: gru_cell__GC0, 
muxpart__714: register_file_r_z__GB12, 
case__395: register_file_r_z__GB9, 
muxpart__527: register_file_r_z__GB12, 
logic__1022: register_file_r_z__GB5, 
reg__20: register_file__GB2, 
case__408: register_file_r_z__GB3, 
muxpart__525: register_file_r_z__GB9, 
muxpart__511: register_file_r_z__GB9, 
logic__250: register_file__GB3, 
muxpart__280: register_file_r_z__GB6, 
muxpart__138: register_file__parameterized0__GB2, 
case__192: register_file_r_z__GB7, 
case__7: activation_function__GB3, activation_function__GB2, activation_function__GB1, activation_function__GB0, 
muxpart__267: register_file_r_z__GB12, 
logic__476: register_file_r_z__GB4, 
logic__588: register_file_r_z__GB12, 
case__261: register_file_r_z__GB12, 
case__140: register_file_r_z__GB11, 
logic__242: register_file__GB3, 
muxpart__718: register_file_r_z__GB12, 
case__321: register_file_r_z__GB12, 
datapath__38: activation_function__GB3, activation_function__GB2, activation_function__GB1, activation_function__GB0, 
muxpart__116: register_file__GB3, 
muxpart__589: register_file_r_z__GB12, 
muxpart__457: register_file_r_z__GB12, 
logic__1042: register_file_r_z__GB5, 
logic__1434: register_file_r_z__GB9, 
logic__456: register_file_r_z__GB4, 
logic__1200: register_file_r_z__GB5, 
muxpart__382: register_file_r_z__GB12, 
muxpart__343: register_file_r_z__GB12, 
case__158: register_file_r_z__GB12, 
muxpart__195: register_file_r_z__GB4, 
logic__558: register_file_r_z__GB12, 
muxpart__437: register_file_r_z__GB12, 
case__434: register_file_r_z__GB12, 
muxpart__694: register_file_r_z__GB12, 
logic__1330: register_file_r_z__GB12, 
muxpart__681: register_file_r_z__GB3, 
logic__518: register_file_r_z__GB12, 
muxpart__594: register_file_r_z__GB12, 
logic__388: register_file__parameterized0__GB2, 
datapath__27: activation_function__GB3, activation_function__GB2, activation_function__GB1, activation_function__GB0, 
case__101: register_file_r_z__GB12, 
logic__1262: register_file_r_z__GB12, 
logic__1268: register_file_r_z__GB4, 
muxpart__259: register_file_r_z__GB12, 
muxpart__3: gru_cell__GC0, 
logic__296: register_file__GB3, 
logic__1110: register_file_r_z__GB5, 
muxpart__293: register_file_r_z__GB12, 
muxpart__157: register_file__parameterized0__GB2, 
logic__922: register_file_r_z__GB7, 
logic__1178: register_file_r_z__GB12, 
logic__494: register_file_r_z__GB4, 
logic__552: register_file_r_z__GB12, 
case__290: register_file_r_z__GB12, 
reg__266: register_file_r_z__GB3, 
logic__1326: register_file_r_z__GB3, 
datapath__45: activation_function__GB3, activation_function__GB2, activation_function__GB1, activation_function__GB0, 
reg__177: register_file_r_z__GB4, 
logic__496: register_file_r_z__GB4, 
logic__426: register_file_r_z__GB4, 
case__231: register_file_r_z__GB7, 
logic__24: gru_cell__GC0, 
logic__1440: register_file_r_z__GB12, 
reg__18: register_file__GB2, 
logic__1222: register_file_r_z__GB12, 
case__252: register_file_r_z__GB8, 
logic__1146: register_file_r_z__GB12, 
reg__233: register_file_r_z__GB10, 
muxpart__87: register_file__GB3, 
muxpart__703: register_file_r_z__GB12, 
muxpart__299: register_file_r_z__GB12, 
muxpart__365: register_file_r_z__GB7, 
muxpart__334: register_file_r_z__GB12, 
reg__261: register_file_r_z__GB3, 
muxpart__361: register_file_r_z__GB8, 
bias_add: gru_cell__GC0, 
case__167: register_file_r_z__GB8, 
muxpart__727: register_file_r_z__GB12, 
reg__68: register_file__GB2, 
reg__10: gru_cell__GC0, 
logic__68: activation_function__GB3, activation_function__GB2, activation_function__GB1, activation_function__GB0, 
logic__674: register_file_r_z__GB7, 
muxpart__245: register_file_r_z__GB5, 
logic__32: gru_cell__GC0, 
logic__812: register_file_r_z__GB12, 
muxpart__243: register_file_r_z__GB12, 
case__130: register_file_r_z__GB12, 
case__256: register_file_r_z__GB8, 
logic__1074: register_file_r_z__GB12, 
logic__836: register_file_r_z__GB9, 
muxpart__363: register_file_r_z__GB12, 
case__100: register_file_r_z__GB6, 
muxpart__286: register_file_r_z__GB5, 
muxpart__462: register_file_r_z__GB12, 
reg__101: register_file__GB3, 
logic__998: register_file_r_z__GB12, 
logic__1362: register_file_r_z__GB12, 
segmentDetector_General: activation_function__GB3, activation_function__GB2, activation_function__GB1, activation_function__GB0, 
logic__1132: register_file_r_z__GB9, 
logic__1332: register_file_r_z__GB12, 
logic__938: register_file_r_z__GB12, 
datapath__50: gru_cell__GC0, 
logic__1314: register_file_r_z__GB12, 
reg__107: register_file__GB3, 
reg__22: register_file__GB2, 
datapath__43: activation_function__GB3, activation_function__GB2, activation_function__GB1, activation_function__GB0, 
reg__46: register_file__GB2, 
muxpart__14: register_file__GB3, 
logic__946: register_file_r_z__GB12, 
datapath__47: activation_function__GB3, activation_function__GB2, activation_function__GB1, activation_function__GB0, 
logic__302: register_file__GB3, 
reg__175: register_file_r_z__GB4, 
muxpart__112: register_file__GB3, 
datapath__53: gru_cell__GC0, 
logic__684: register_file_r_z__GB7, 
case__135: register_file_r_z__GB8, 
reg__19: register_file__GB2, 
reg__212: register_file_r_z__GB8, 
counter__4: gru_cell__GC0, 
logic__722: register_file_r_z__GB12, 
case__312: register_file_r_z__GB9, 
case__191: register_file_r_z__GB7, 
muxpart__342: register_file_r_z__GB12, 
case__44: register_file_r_z__GB4, 
logic__43: gru_cell__GC0, 
logic__1220: register_file_r_z__GB12, 
logic__974: register_file_r_z__GB12, 
logic__540: register_file_r_z__GB12, 
muxpart__125: register_file__GB0, 
reg__116: register_file__GB3, 
mult__parameterized1: gru_cell__GC0, 
case__374: register_file_r_z__GB12, 
segCoeffROM_logsig: activation_function__GB3, activation_function__GB2, activation_function__GB1, activation_function__GB0, 
case__357: register_file_r_z__GB12, 
logic__466: register_file_r_z__GB4, 
case__3: gru_cell__GC0, 
muxpart__4: gru_cell__GC0, 
reg__264: register_file_r_z__GB3, 
reg__252: register_file_r_z__GB4, 
case__260: register_file_r_z__GB5, 
muxpart__350: register_file_r_z__GB7, 
logic__410: register_file_r_z__GB12, 
reg__232: register_file_r_z__GB6, 
logic__130: register_file__GB3, 
case__17: register_file_r_z__GB12, 
logic__1028: register_file_r_z__GB12, 
reg__184: register_file_r_z__GB11, 
case__63: register_file_r_z__GB4, 
counter__2: gru_cell__GC0, 
reg__276: register_file_r_z__GB3, 
logic__346: register_file__parameterized0__GB2, 
muxpart__227: register_file_r_z__GB12, 
muxpart__336: register_file_r_z__GB10, 
adder__parameterized0: columnwise_mvm__GB2, columnwise_mvm__GB1, columnwise_mvm__GB0, 
logic__934: register_file_r_z__GB12, 
logic__448: register_file_r_z__GB12, 
logic__1260: register_file_r_z__GB12, 
case__37: register_file_r_z__GB12, 
dsp48e2__4: activation_function__GB3, activation_function__GB2, activation_function__GB1, activation_function__GB0, 
muxpart__693: register_file_r_z__GB12, 
reg__154: register_file__parameterized0__GB0, 
case__4: gru_cell__GC0, 
muxpart__600: register_file_r_z__GB4, 
logic__218: register_file__GB3, 
logic__170: register_file__GB3, 
datapath__44: activation_function__GB3, activation_function__GB2, activation_function__GB1, activation_function__GB0, 
muxpart__590: register_file_r_z__GB4, 
reg__173: register_file_r_z__GB4, 
case__61: register_file_r_z__GB12, 
muxpart__30: register_file__GB3, 
logic__1370: register_file_r_z__GB12, 
logic__901: register_file_r_z__GB7, 
reg__183: register_file_r_z__GB5, 
logic__156: register_file__GB3, 
reg__125: register_file__GB3, 
reg__57: register_file__GB2, 
logic__886: register_file_r_z__GB7, 
reg__152: register_file__parameterized0__GB0, 
case__18: register_file_r_z__GB12, 
logic__238: register_file__GB3, 
muxpart__173: register_file_r_z__GB12, 
muxpart__156: register_file__parameterized0__GB2, 
logic__464: register_file_r_z__GB4, 
muxpart__328: register_file_r_z__GB12, 
logic__1044: register_file_r_z__GB12, 
muxpart__702: register_file_r_z__GB12, 
logic__780: register_file_r_z__GB12, 
muxpart__72: register_file__GB3, 
reg__144: register_file__parameterized0__GB2, 
logic__1483: register_file_r_z__GB12, 
case__154: register_file_r_z__GB12, 
reg__113: register_file__GB3, 
muxpart__364: register_file_r_z__GB12, 
muxpart__739_register_file_r_z: muxpart__739_register_file_r_z, 
muxpart__503: register_file_r_z__GB12, 
muxpart__65: register_file__GB3, 
case__462: register_file_r_z__GB12, 
muxpart__465: register_file_r_z__GB7, 
logic__854: register_file_r_z__GB7, 
logic__432: register_file_r_z__GB12, 
case__306: register_file_r_z__GB12, 
logic__1084: register_file_r_z__GB12, 
muxpart__541: register_file_r_z__GB9, 
activation_function__GB0: activation_function__GB0, 
logic__1106: register_file_r_z__GB12, 
reg__111: register_file__GB3, 
muxpart__717: register_file_r_z__GB12, 
logic__508: register_file_r_z__GB12, 
logic__314: register_file__GB3, 
reg__103: register_file__GB3, 
logic__1170: register_file_r_z__GB5, 
logic__982: register_file_r_z__GB7, 
FixedPoint_Sub: activation_function__GB3, activation_function__GB2, activation_function__GB1, activation_function__GB0, 
logic__1126: register_file_r_z__GB12, 
logic__746: register_file_r_z__GB10, 
muxpart__375: register_file_r_z__GB7, 
reg__234: register_file_r_z__GB6, 
case__88: register_file_r_z__GB5, 
case__70: register_file_r_z__GB12, 
logic__504: register_file_r_z__GB4, 
muxpart__583: register_file_r_z__GB12, 
logic__176: register_file__GB3, 
logic__1372: register_file_r_z__GB12, 
case__411: register_file_r_z__GB9, 
logic__596: register_file_r_z__GB5, 
muxpart__701: register_file_r_z__GB3, 
muxpart__489: register_file_r_z__GB12, 
case__440: register_file_r_z__GB3, 
muxpart__226: register_file_r_z__GB10, 
logic__198: register_file__GB3, 
reg__248: register_file_r_z__GB6, 
muxpart__447: register_file_r_z__GB12, 
dsp48e2__3: activation_function__GB3, activation_function__GB2, activation_function__GB1, activation_function__GB0, 
muxpart__144: register_file__parameterized0__GB2, 
muxpart__677: register_file_r_z__GB12, 
muxpart__389: register_file_r_z__GB12, 
muxpart__269: register_file_r_z__GB12, 
logic__628: register_file_r_z__GB12, 
case__289: register_file_r_z__GB12, 
muxpart__505: register_file_r_z__GB5, 
reg__33: register_file__GB2, 
muxpart__127: register_file__parameterized0__GB2, 
logic__1304: register_file_r_z__GB12, 
case__418: register_file_r_z__GB12, 
case__283: register_file_r_z__GB5, 
muxpart__689: register_file_r_z__GB12, 
logic__512: register_file_r_z__GB12, 
logic__892: register_file_r_z__GB12, 
logic__150: register_file__GB3, 
datapath__17: columnwise_mvm__GB2, columnwise_mvm__GB1, columnwise_mvm__GB0, 
muxpart__536: register_file_r_z__GB5, 
reg__112: register_file__GB3, 
reg__203: register_file_r_z__GB11, 
case__244: register_file_r_z__GB7, 
muxpart__108: register_file__GB3, 
muxpart__9: activation_function__GB3, activation_function__GB2, activation_function__GB1, activation_function__GB0, 
logic__1360: register_file_r_z__GB12, 
muxpart__160: register_file__parameterized0__GB2, 
reg__63: register_file__GB2, 
logic__370: register_file__parameterized0__GB2, 
muxpart__167: register_file_r_z__GB12, 
logic__1174: register_file_r_z__GB12, 
muxpart__426: register_file_r_z__GB7, 
muxpart__161: register_file__parameterized0__GB2, 
logic__372: register_file__parameterized0__GB2, 
muxpart__254: register_file_r_z__GB12, 
logic__192: register_file__GB3, 
logic__97: gru_cell__GC0, 
case__305: register_file_r_z__GB12, 
muxpart__130: register_file__parameterized0__GB2, 
case__467: register_file_r_z__GB9, 
logic__1503: register_file_r_z__GB12, 
logic__1004: register_file_r_z__GB12, 
case__112: register_file_r_z__GB5, 
logic__658: register_file_r_z__GB12, 
case__228: register_file_r_z__GB10, 
logic__128: register_file__GB3, 
logic__1124: register_file_r_z__GB12, 
muxpart__29: register_file__GB3, 
muxpart__591: register_file_r_z__GB4, 
muxpart__314: register_file_r_z__GB12, 
muxpart__282: register_file_r_z__GB12, 
logic__678: register_file_r_z__GB12, 
logic__1460: register_file_r_z__GB3, 
case__190: register_file_r_z__GB12, 
case__246: register_file_r_z__GB12, 
logic__321: register_file__GB3, 
muxpart__261: register_file_r_z__GB5, 
case__238: register_file_r_z__GB12, 
muxpart__153: register_file__parameterized0__GB2, 
logic__500: register_file_r_z__GB12, 
logic__614: register_file_r_z__GB10, 
logic__206: register_file__GB3, 
logic__616: register_file_r_z__GB10, 
logic__1505: register_file_r_z__GB12, 
case__212: register_file_r_z__GB7, 
elementwise_mult: gru_cell__GC0, 
muxpart__387: register_file_r_z__GB12, 
muxpart__510: register_file_r_z__GB9, 
muxpart__384: register_file_r_z__GB12, 
muxpart__178: register_file_r_z__GB12, 
reg__34: register_file__GB2, 
logic__336: register_file__parameterized0__GB2, 
logic__1250: register_file_r_z__GB12, 
case__263: register_file_r_z__GB5, 
reg__123: register_file__GB3, 
muxpart__655: register_file_r_z__GB3, 
logic__594: register_file_r_z__GB5, 
case__66: register_file_r_z__GB12, 
muxpart__317: register_file_r_z__GB12, 
muxpart__722: register_file_r_z__GB12, 
muxpart__225: register_file_r_z__GB10, 
reg__158: register_file__parameterized0__GB0, 
logic__882: register_file_r_z__GB12, 
datapath__20: gru_cell__GC0, columnwise_mvm__GB2, columnwise_mvm__GB1, columnwise_mvm__GB0, 
muxpart__368: register_file_r_z__GB12, 
reg__260: register_file_r_z__GB3, 
case__425: register_file_r_z__GB12, 
logic__562: register_file_r_z__GB12, 
reg__178: register_file_r_z__GB4, 
case__469: gru_cell__GC0, 
case__461: register_file_r_z__GB12, 
muxpart__220: register_file_r_z__GB4, 
reg__5: gru_cell__GC0, 
logic__772: register_file_r_z__GB12, 
quant: gru_cell__GC0, 
case__105: register_file_r_z__GB12, 
logic__386: register_file__parameterized0__GB2, 
logic__740: register_file_r_z__GB12, 
case__71: register_file_r_z__GB4, 
logic__880: register_file_r_z__GB12, 
reg__275: register_file_r_z__GB3, 
case__146: register_file_r_z__GB12, 
muxpart__109: register_file__GB3, 
logic__492: register_file_r_z__GB12, 
muxpart__393: register_file_r_z__GB12, 
case__57: register_file_r_z__GB12, 
muxpart__621: register_file_r_z__GB4, 
muxpart__202: register_file_r_z__GB12, 
logic__1102: register_file_r_z__GB9, 
logic__1452: register_file_r_z__GB12, 
logic__416: register_file_r_z__GB4, 
muxpart__601: register_file_r_z__GB4, 
case__296: register_file_r_z__GB5, 
muxpart__602: register_file_r_z__GB12, 
case__342: register_file_r_z__GB12, 
muxpart__564: register_file_r_z__GB12, 
register_file__parameterized0__GB2: register_file__parameterized0__GB2, 
logic__536: register_file_r_z__GB4, 
logic__964: register_file_r_z__GB12, 
case__15: register_file_r_z__GB4, 
logic__330: register_file__GB3, 
logic__186: register_file__GB3, 
muxpart__534: register_file_r_z__GB12, 
muxpart__133: register_file__parameterized0__GB2, 
reg__239: register_file_r_z__GB9, 
case__245: register_file_r_z__GB12, 
muxpart__128: register_file__parameterized0__GB2, 
case__366: register_file_r_z__GB12, 
adder__parameterized2: gru_cell__GC0, 
muxpart__486: register_file_r_z__GB5, 
case__420: register_file_r_z__GB3, 
muxpart__463: register_file_r_z__GB12, 
logic__1080: register_file_r_z__GB5, 
logic__118: register_file__GB3, 
reg__7: gru_cell__GC0, 
logic__842: register_file_r_z__GB12, 
muxpart__647: register_file_r_z__GB12, 
case__174: register_file_r_z__GB12, 
logic__232: register_file__GB3, 
muxpart__196: register_file_r_z__GB4, 
logic__1504: register_file_r_z__GB12, 
logic__1188: register_file_r_z__GB12, 
case__217: register_file_r_z__GB12, 
muxpart__335: register_file_r_z__GB10, 
muxpart__325: register_file_r_z__GB11, 
muxpart__139: register_file__parameterized0__GB2, 
logic__352: register_file__parameterized0__GB2, 
muxpart__619: register_file_r_z__GB12, 
logic__1224: register_file_r_z__GB12, 
logic__816: register_file_r_z__GB7, 
logic__64: gru_cell__GC0, 
muxpart__637: register_file_r_z__GB12, 
logic__265: register_file__GB3, 
logic__1186: register_file_r_z__GB12, 
muxpart__307: register_file_r_z__GB12, 
logic__764: register_file_r_z__GB9, 
case__334: register_file_r_z__GB12, 
logic__542: register_file_r_z__GB12, 
logic__1086: register_file_r_z__GB12, 
muxpart__73: register_file__GB3, 
muxpart__732: register_file_r_z__GB12, 
muxpart__123: register_file__GB3, 
logic__260: register_file__GB3, 
logic__146: register_file__GB3, 
muxpart__467: register_file_r_z__GB12, 
logic__292: register_file__GB3, 
case__227: register_file_r_z__GB10, 
logic__744: register_file_r_z__GB10, 
case__207: register_file_r_z__GB9, 
logic__1424: register_file_r_z__GB3, 
logic__1350: register_file_r_z__GB12, 
muxpart__638: register_file_r_z__GB12, 
muxpart__417: register_file_r_z__GB12, 
logic__1404: register_file_r_z__GB3, 
logic__73: activation_function__GB3, activation_function__GB2, activation_function__GB1, activation_function__GB0, 
case__21: register_file_r_z__GB12, 
logic__820: register_file_r_z__GB12, 
muxpart__700: register_file_r_z__GB3, 
muxpart__218: register_file_r_z__GB12, 
case__381: register_file_r_z__GB12, 
muxpart__392: register_file_r_z__GB12, 
muxpart__327: register_file_r_z__GB12, 
muxpart__96: register_file__GB3, 
logic__274: register_file__GB3, 
case__400: register_file_r_z__GB3, 
logic__297: register_file__GB3, 
muxpart__595: register_file_r_z__GB4, 
case__428: register_file_r_z__GB9, 
muxpart__340: register_file_r_z__GB7, 
logic__184: register_file__GB3, 
logic__280: register_file__GB3, 
logic__373: register_file__parameterized0__GB2, 
muxpart__300: register_file_r_z__GB7, 
logic__1062: register_file_r_z__GB9, 
logic__278: register_file__GB3, 
reg__214: register_file_r_z__GB8, 
reg__137: register_file__parameterized0__GB2, 
case__1: gru_cell__GC0, 
logic__1510: register_file_r_z__GB12, 
muxpart__501: register_file_r_z__GB5, 
case__293: register_file_r_z__GB12, 
case__423: register_file_r_z__GB3, 
case__373: register_file_r_z__GB12, 
logic__1098: register_file_r_z__GB12, 
muxpart__472: register_file_r_z__GB12, 
reg__225: register_file_r_z__GB8, 
case__387: register_file_r_z__GB3, 
reg__237: register_file_r_z__GB9, 
datapath__19: gru_cell__GC0, columnwise_mvm__GB2, columnwise_mvm__GB1, columnwise_mvm__GB0, 
muxpart__533: register_file_r_z__GB12, 
muxpart__84: register_file__GB3, 
case__110: register_file_r_z__GB12, 
reg__149: register_file__parameterized0__GB0, 
sub: gru_cell__GC0, 
muxpart__466: register_file_r_z__GB7, 
logic__252: register_file__GB3, 
logic__442: register_file_r_z__GB12, 
muxpart__187: register_file_r_z__GB12, 
datapath__12: gru_cell__GC0, 
muxpart__539: register_file_r_z__GB12, 
logic__712: register_file_r_z__GB12, 
reg__1: gru_cell__GC0, 
muxpart__324: register_file_r_z__GB12, 
case__175: register_file_r_z__GB7, 
gru_cell__GC0: gru_cell__GC0, 
logic__642: register_file_r_z__GB12, 
case__230: register_file_r_z__GB12, 
logic__172: register_file__GB3, 
logic__680: register_file_r_z__GB12, 
logic__397: register_file__parameterized0__GB2, 
reg__54: register_file__GB2, 
case__453: register_file_r_z__GB12, 
adder: columnwise_mvm__GB2, columnwise_mvm__GB1, columnwise_mvm__GB0, 
muxpart__194: register_file_r_z__GB12, 
case__199: register_file_r_z__GB7, 
logic__188: register_file__GB3, 
logic__1388: register_file_r_z__GB12, 
muxpart__562: register_file_r_z__GB12, 
reg__26: register_file__GB2, 
logic__1392: register_file_r_z__GB9, 
logic__89: activation_function__GB3, activation_function__GB2, activation_function__GB1, activation_function__GB0, 
case__264: register_file_r_z__GB5, 
case__132: register_file_r_z__GB8, 
logic__1118: register_file_r_z__GB12, 
logic__29: gru_cell__GC0, 
muxpart__150: register_file__parameterized0__GB2, 
logic__826: register_file_r_z__GB7, 
muxpart__711: register_file_r_z__GB3, 
muxpart__191: register_file_r_z__GB4, 
case__371: register_file_r_z__GB9, 
logic__1108: register_file_r_z__GB12, 
muxpart__329: register_file_r_z__GB12, 
case__35: register_file_r_z__GB4, 
reg__135: register_file__parameterized0__GB2, 
logic__600: register_file_r_z__GB12, 
logic__414: register_file_r_z__GB4, 
muxpart__310: register_file_r_z__GB8, 
reg__150: register_file__parameterized0__GB0, 
muxpart__170: register_file_r_z__GB4, 
muxpart__407: register_file_r_z__GB12, 
case__459: register_file_r_z__GB3, 
logic__358: register_file__parameterized0__GB2, 
reg__100: register_file__GB3, 
logic__1352: register_file_r_z__GB12, 
logic__1228: register_file_r_z__GB5, 
reg__50: register_file__GB2, 
counter__3: gru_cell__GC0, 
case__429: register_file_r_z__GB12, 
reg__192: register_file_r_z__GB6, 
case__432: register_file_r_z__GB3, 
case__5: columnwise_mvm__GB2, columnwise_mvm__GB1, columnwise_mvm__GB0, 
logic__290: register_file__GB3, 
case__209: register_file_r_z__GB12, 
muxpart__217: register_file_r_z__GB12, 
dsp48e2__1: gru_cell__GC0, 
logic__862: register_file_r_z__GB12, 
register_file_r_z__GB10: register_file_r_z__GB10, 
case__379: register_file_r_z__GB4, 
logic__440: register_file_r_z__GB12, 
muxpart__502: register_file_r_z__GB12, 
logic__1054: register_file_r_z__GB12, 
reg__127: register_file__GB3, 
case__240: register_file_r_z__GB7, 
logic__1230: register_file_r_z__GB12, 
muxpart__460: register_file_r_z__GB7, 
reg__269: register_file_r_z__GB3, 
logic__312: register_file__GB3, 
logic__926: register_file_r_z__GB12, 
logic__276: register_file__GB3, 
muxpart__43: register_file__GB3, 
muxpart__566: register_file_r_z__GB5, 
case__460: register_file_r_z__GB3, 
case__29: register_file_r_z__GB12, 
logic__468: register_file_r_z__GB12, 
logic__286: register_file__GB3, 
logic__1038: register_file_r_z__GB12, 
reg__256: register_file_r_z__GB4, 
RAM_P: gru_cell__GC0, 
logic__44: gru_cell__GC0, 
muxpart__316: register_file_r_z__GB8, 
muxpart__553: register_file_r_z__GB12, 
muxpart__435: register_file_r_z__GB10, 
segCoeffROM_tanh: activation_function__GB3, activation_function__GB2, activation_function__GB1, activation_function__GB0, 
logic__104: register_file__GB3, 
muxpart__450: register_file_r_z__GB7, 
muxpart__318: register_file_r_z__GB12, 
reg__241: register_file_r_z__GB6, 
logic__30: gru_cell__GC0, 
muxpart: gru_cell__GC0, 
muxpart__52: register_file__GB3, 
reg__283: gru_cell__GC0, 
case__14: register_file_r_z__GB12, 
logic__1242: register_file_r_z__GB12, 
reg__168: register_file_r_z__GB4, 
muxpart__319: register_file_r_z__GB12, 
muxpart__35: register_file__GB3, 
logic__858: register_file_r_z__GB12, 
reg__117: register_file__GB3, 
logic__782: register_file_r_z__GB12, 
register_file_r_z__GB3: register_file_r_z__GB3, 
case__394: register_file_r_z__GB12, 
muxpart__636: register_file_r_z__GB3, 
register_file_r_z__GB9: register_file_r_z__GB9, 
logic__950: register_file_r_z__GB7, 
case__48: register_file_r_z__GB4, 
muxpart__219: register_file_r_z__GB12, 
FixedPoint_Multiplier: activation_function__GB3, activation_function__GB2, activation_function__GB1, activation_function__GB0, 
reg__157: register_file__parameterized0__GB0, 
muxpart__688: register_file_r_z__GB12, 
logic__1386: register_file_r_z__GB12, 
muxpart__563: register_file_r_z__GB12, 
case__280: register_file_r_z__GB5, 
case__59: register_file_r_z__GB10, 
muxpart__27: register_file__GB3, 
reg__216: register_file_r_z__GB9, 
reg__15: columnwise_mvm__GB2, columnwise_mvm__GB1, columnwise_mvm__GB0, 
logic__390: register_file__parameterized0__GB2, 
muxpart__188: register_file_r_z__GB12, 
logic__548: register_file_r_z__GB12, 
logic__620: register_file_r_z__GB12, 
case__157: register_file_r_z__GB12, 
case__10: activation_function__GB3, activation_function__GB2, activation_function__GB1, activation_function__GB0, 
muxpart__687: register_file_r_z__GB12, 
case__108: register_file_r_z__GB5, 
logic__84: activation_function__GB3, activation_function__GB2, activation_function__GB1, activation_function__GB0, 
logic__634: register_file_r_z__GB6, 
counter__7: gru_cell__GC0, 
case__316: register_file_r_z__GB9, 
case__299: register_file_r_z__GB9, 
logic__1414: register_file_r_z__GB3, 
muxpart__165: register_file__parameterized0__GB0, 
logic__870: register_file_r_z__GB12, 
logic__1462: register_file_r_z__GB12, 
logic__458: register_file_r_z__GB12, 
muxpart__181: register_file_r_z__GB10, 
counter: gru_cell__GC0, 
muxpart__192: register_file_r_z__GB12, 
case__330: register_file_r_z__GB12, 
logic__1180: register_file_r_z__GB5, 
reg__129: register_file__GB3, 
case__438: register_file_r_z__GB12, 
case__68: register_file_r_z__GB11, 
case__421: register_file_r_z__GB12, 
logic__438: register_file_r_z__GB12, 
muxpart__607: register_file_r_z__GB12, 
muxpart__529: register_file_r_z__GB12, 
reg__88: register_file__GB3, 
reg__132: register_file__parameterized0__GB2, 
logic__1480: register_file_r_z__GB3, 
case__437: register_file_r_z__GB12, 
logic__403: register_file__parameterized0__GB2, 
reg__79: register_file__GB0, 
case__326: register_file_r_z__GB12, 
muxpart__561: register_file_r_z__GB5, 
logic__210: register_file__GB3, 
muxpart__613: register_file_r_z__GB12, 
muxpart__523: register_file_r_z__GB12, 
logic__522: register_file_r_z__GB12, 
logic__970: register_file_r_z__GB7, 
logic__327: register_file__GB3, 
muxpart__26: register_file__GB3, 
muxpart__609: register_file_r_z__GB12, 
logic__848: register_file_r_z__GB12, 
logic__1398: register_file_r_z__GB12, 
case__195: register_file_r_z__GB7, 
logic__538: register_file_r_z__GB12, 
case__85: register_file_r_z__GB12, 
case__302: register_file_r_z__GB12, 
muxpart__569: register_file_r_z__GB12, 
muxpart__538: register_file_r_z__GB12, 
muxpart__111: register_file__GB3, 
muxpart__367: register_file_r_z__GB12, 
reg__242: register_file_r_z__GB9, 
muxpart__186: register_file_r_z__GB4, 
muxpart__76: register_file__GB3, 
muxpart__617: register_file_r_z__GB12, 
muxpart__232: register_file_r_z__GB12, 
case__145: register_file_r_z__GB12, 
logic__50: columnwise_mvm__GB2, columnwise_mvm__GB1, columnwise_mvm__GB0, 
muxpart__422: register_file_r_z__GB12, 
logic__1394: register_file_r_z__GB9, 
case__152: register_file_r_z__GB7, 
logic__368: register_file__parameterized0__GB2, 
logic__398: register_file__parameterized0__GB2, 
case__139: register_file_r_z__GB11, 
muxpart__169: register_file_r_z__GB12, 
reg__211: register_file_r_z__GB8, 
reg__277: register_file_r_z__GB12, 
case__234: register_file_r_z__GB12, 
muxpart__75: register_file__GB3, 
case__239: register_file_r_z__GB7, 
case__468: register_file_r_z__GB9, 
dsp48e2__5: gru_cell__GC0, 
muxpart__263: register_file_r_z__GB12, 
case__456: register_file_r_z__GB3, 
reg__110: register_file__GB3, 
logic__960: register_file_r_z__GB7, 
logic__1302: register_file_r_z__GB12, 
logic__904: register_file_r_z__GB12, 
muxpart__298: register_file_r_z__GB12, 
muxpart__733: register_file_r_z__GB12, 
logic__472: register_file_r_z__GB12, 
logic__864: register_file_r_z__GB7, 
case__170: register_file_r_z__GB12, 
logic__944: register_file_r_z__GB12, 
logic__1280: register_file_r_z__GB12, 
reg__140: register_file__parameterized0__GB2, 
elementwise_add: gru_cell__GC0, 
case__173: register_file_r_z__GB12, 
muxpart__585: register_file_r_z__GB6, 
case__340: register_file_r_z__GB5, 
muxpart__415: register_file_r_z__GB7, 
logic__362: register_file__parameterized0__GB2, 
datapath__41: activation_function__GB3, activation_function__GB2, activation_function__GB1, activation_function__GB0, 
reg__11: gru_cell__GC0, 
logic__340: register_file__parameterized0__GB2, 
muxpart__483: register_file_r_z__GB12, 
case__253: register_file_r_z__GB12, 
muxpart__639: register_file_r_z__GB12, 
muxpart__632: register_file_r_z__GB12, 
logic__1449: register_file_r_z__GB3, 
muxpart__136: register_file__parameterized0__GB2, 
muxpart__251: register_file_r_z__GB11, 
muxpart__660: register_file_r_z__GB3, 
logic__148: register_file__GB3, 
muxpart__381: register_file_r_z__GB9, 
logic__258: register_file__GB3, 
reg__67: register_file__GB2, 
logic__85: activation_function__GB3, activation_function__GB2, activation_function__GB1, activation_function__GB0, 
reg__108: register_file__GB3, 
logic__1130: register_file_r_z__GB9, 
reg__254: register_file_r_z__GB4, 
muxpart__682: register_file_r_z__GB12, 
logic__714: register_file_r_z__GB8, 
reg__181: register_file_r_z__GB11, 
case__361: register_file_r_z__GB12, 
case__441: register_file_r_z__GB12, 
muxpart__629: register_file_r_z__GB12, 
logic__168: register_file__GB3, 
muxpart__454: register_file_r_z__GB12, 
logic__899: register_file_r_z__GB12, 
case__164: register_file_r_z__GB7, 
logic__488: register_file_r_z__GB12, 
muxpart__71: register_file__GB3, 
case__144: register_file_r_z__GB7, 
reg__72: register_file__GB2, 
case__458: register_file_r_z__GB12, 
logic__1318: register_file_r_z__GB4, 
datapath__52: gru_cell__GC0, 
muxpart__652: register_file_r_z__GB12, 
muxpart__248: register_file_r_z__GB12, 
case__300: register_file_r_z__GB9, 
logic__246: register_file__GB3, 
muxpart__556: register_file_r_z__GB5, 
case__427: register_file_r_z__GB9, 
muxpart__729: register_file_r_z__GB12, 
counter__10: gru_cell__GC0, 
muxpart__557: register_file_r_z__GB12, 
logic__606: register_file_r_z__GB9, 
logic__450: register_file_r_z__GB12, 
case__353: register_file_r_z__GB12, 
logic__586: register_file_r_z__GB11, 
muxpart__266: register_file_r_z__GB9, 
logic__108: register_file__GB3, 
logic__3: gru_cell__GC0, 
case__222: register_file_r_z__GB12, 
case__443: register_file_r_z__GB3, 
reg__143: register_file__parameterized0__GB2, 
muxpart__479: register_file_r_z__GB12, 
muxpart__448: register_file_r_z__GB12, 
logic__272: register_file__GB3, 
reg__223: register_file_r_z__GB8, 
logic__1192: register_file_r_z__GB5, 
logic__1120: register_file_r_z__GB9, 
logic__1090: register_file_r_z__GB9, 
case__87: register_file_r_z__GB5, 
case__25: register_file_r_z__GB12, 
case__369: register_file_r_z__GB12, 
case__73: register_file_r_z__GB12, 
case__249: register_file_r_z__GB12, 
case__183: register_file_r_z__GB9, 
logic__554: register_file_r_z__GB4, 
case__76: register_file_r_z__GB5, 
muxpart__285: register_file_r_z__GB5, 
muxpart__445: register_file_r_z__GB7, 
muxpart__649: register_file_r_z__GB12, 
counter__1: gru_cell__GC0, 
logic__850: register_file_r_z__GB12, 
reg__98: register_file__GB3, 
logic__710: register_file_r_z__GB12, 
case__363: register_file_r_z__GB9, 
muxpart__37: register_file__GB3, 
reg__200: register_file_r_z__GB8, 
register_file_r_z__GB6: register_file_r_z__GB6, 
logic__166: register_file__GB3, 
logic__222: register_file__GB3, 
logic__1264: register_file_r_z__GB12, 
reg__75: register_file__GB2, 
muxpart__433: register_file_r_z__GB12, 
reg__207: register_file_r_z__GB8, 
logic__972: register_file_r_z__GB7, 
logic__808: register_file_r_z__GB12, 
case__129: register_file_r_z__GB12, 
logic__1496: register_file_r_z__GB3, 
logic__1412: register_file_r_z__GB3, 
logic__13: gru_cell__GC0, 
muxpart__1: gru_cell__GC0, 
case__197: register_file_r_z__GB12, 
logic__948: register_file_r_z__GB12, 
muxpart__246: register_file_r_z__GB5, 
case__350: register_file_r_z__GB12, 
mult__parameterized0: gru_cell__GC0, 
muxpart__490: register_file_r_z__GB5, 
muxpart__315: register_file_r_z__GB8, 
case__273: register_file_r_z__GB12, 
muxpart__273: register_file_r_z__GB12, 
reg__28: register_file__GB2, 
logic__162: register_file__GB3, 
muxpart__584: register_file_r_z__GB12, 
case__292: register_file_r_z__GB9, 
muxpart__58: register_file__GB3, 
case__426: register_file_r_z__GB12, 
logic__236: register_file__GB3, 
logic__1032: register_file_r_z__GB5, 
muxpart__542: register_file_r_z__GB12, 
logic__988: register_file_r_z__GB12, 
logic__1082: register_file_r_z__GB5, 
case__208: register_file_r_z__GB9, 
case__368: register_file_r_z__GB4, 
case__106: register_file_r_z__GB12, 
logic__324: register_file__GB3, 
logic__1294: register_file_r_z__GB12, 
logic__46: gru_cell__GC0, 
logic__1116: register_file_r_z__GB12, 
case__156: register_file_r_z__GB9, 
muxpart__320: register_file_r_z__GB8, 
muxpart__190: register_file_r_z__GB4, 
case__450: register_file_r_z__GB12, 
muxpart__482: register_file_r_z__GB12, 
logic__364: register_file__parameterized0__GB2, 
muxpart__657: register_file_r_z__GB12, 
case__375: register_file_r_z__GB4, 
logic__422: register_file_r_z__GB12, 
muxpart__362: register_file_r_z__GB12, 
logic__1488: register_file_r_z__GB12, 
logic__71: activation_function__GB3, activation_function__GB2, activation_function__GB1, activation_function__GB0, 
muxpart__706: register_file_r_z__GB3, 
logic__100: gru_cell__GC0, 
muxpart__614: register_file_r_z__GB12, 
muxpart__438: register_file_r_z__GB12, 
logic__412: register_file_r_z__GB12, 
muxpart__305: register_file_r_z__GB7, 
case__277: register_file_r_z__GB12, 
logic__80: activation_function__GB3, activation_function__GB2, activation_function__GB1, activation_function__GB0, 
muxpart__446: register_file_r_z__GB7, 
case__275: register_file_r_z__GB9, 
muxpart__66: register_file__GB3, 
reg__120: register_file__GB3, 
case__337: register_file_r_z__GB12, 
muxpart__663: register_file_r_z__GB12, 
muxpart__379: register_file_r_z__GB12, 
muxpart__399: register_file_r_z__GB12, 
case__248: register_file_r_z__GB7, 
logic__328: register_file__GB3, 
logic__470: register_file_r_z__GB12, 
muxpart__528: register_file_r_z__GB12, 
muxpart__620: register_file_r_z__GB4, 
muxpart__390: register_file_r_z__GB7, 
logic__638: register_file_r_z__GB12, 
logic__834: register_file_r_z__GB9, 
logic__1356: register_file_r_z__GB9, 
datapath__46: activation_function__GB3, activation_function__GB2, activation_function__GB1, activation_function__GB0, 
reg__77: register_file__GB0, 
reg__282: gru_cell__GC0, 
logic__648: register_file_r_z__GB12, 
logic__1160: register_file_r_z__GB9, 
case__412: register_file_r_z__GB9, 
muxpart__54: register_file__GB3, 
reg__87: register_file__GB3, 
muxpart__709: register_file_r_z__GB12, 
reg__94: register_file__GB3, 
logic__916: register_file_r_z__GB12, 
logic__894: register_file_r_z__GB9, 
case__347: register_file_r_z__GB6, 
logic__396: register_file__parameterized0__GB2, 
reg__39: register_file__GB2, 
reg__202: register_file_r_z__GB8, 
case__213: register_file_r_z__GB12, 
logic__1497: register_file_r_z__GB12, 
reg__37: register_file__GB2, 
muxpart__721: register_file_r_z__GB3, 
muxpart__593: register_file_r_z__GB12, 
logic__136: register_file__GB3, 
reg__29: register_file__GB2, 
reg__23: register_file__GB2, 
muxpart__598: register_file_r_z__GB12, 
reg__85: register_file__GB3, 
muxpart__323: register_file_r_z__GB12, 
muxpart__221: register_file_r_z__GB4, 
case__49: register_file_r_z__GB12, 
case__96: register_file_r_z__GB10, 
logic__160: register_file__GB3, 
logic__544: register_file_r_z__GB11, 
logic__484: register_file_r_z__GB4, 
case__2: gru_cell__GC0, 
muxpart__149: register_file__parameterized0__GB2, 
logic__896: register_file_r_z__GB9, 
muxpart__333: register_file_r_z__GB12, 
case__463: register_file_r_z__GB9, 
muxpart__373: register_file_r_z__GB12, 
datapath__14: columnwise_mvm__GB2, columnwise_mvm__GB1, columnwise_mvm__GB0, 
logic__47: gru_cell__GC0, 
logic__1340: register_file_r_z__GB12, 
logic__530: register_file_r_z__GB12, 
case__194: register_file_r_z__GB12, 
muxpart__163: register_file__parameterized0__GB2, 
muxpart__141: register_file__parameterized0__GB2, 
muxpart__90: register_file__GB3, 
muxpart__15: register_file__GB3, 
muxpart__606: register_file_r_z__GB9, 
logic__325: register_file__GB3, 
logic__88: activation_function__GB3, activation_function__GB2, activation_function__GB1, activation_function__GB0, 
muxpart__425: register_file_r_z__GB7, 
case__99: register_file_r_z__GB6, 
muxpart__704: register_file_r_z__GB12, 
case__177: register_file_r_z__GB12, 
case__67: register_file_r_z__GB11, 
case__241: register_file_r_z__GB12, 
logic__228: register_file__GB3, 
muxpart__193: register_file_r_z__GB12, 
columnwise_mvm__GB0: columnwise_mvm__GB0, 
muxpart__468: register_file_r_z__GB12, 
reg__221: register_file_r_z__GB10, 
muxpart__247: register_file_r_z__GB12, 
logic__1104: register_file_r_z__GB12, 
reg__82: register_file__GB3, 
case__286: register_file_r_z__GB12, 
logic__1150: register_file_r_z__GB9, 
reg__51: register_file__GB2, 
register_file_r_z__GB5: register_file_r_z__GB5, 
muxpart__672: register_file_r_z__GB12, 
case__254: register_file_r_z__GB12, 
logic__830: register_file_r_z__GB12, 
logic__313: register_file__GB3, 
logic__120: register_file__GB3, 
case__47: register_file_r_z__GB4, 
case__33: register_file_r_z__GB12, 
reg__118: register_file__GB3, 
muxpart__500: register_file_r_z__GB5, 
reg__279: register_file_r_z__GB2, 
case__198: register_file_r_z__GB12, 
muxpart__148: register_file__parameterized0__GB2, 
logic__19: gru_cell__GC0, 
logic__752: register_file_r_z__GB12, 
muxpart__260: register_file_r_z__GB5, 
muxpart__301: register_file_r_z__GB7, 
muxpart__10: activation_function__GB3, activation_function__GB2, activation_function__GB1, activation_function__GB0, 
logic__420: register_file_r_z__GB12, 
muxpart__442: register_file_r_z__GB12, 
muxpart__355: register_file_r_z__GB7, 
logic__1046: register_file_r_z__GB12, 
case__134: register_file_r_z__GB12, 
muxpart__99: register_file__GB3, 
muxpart__359: register_file_r_z__GB12, 
muxpart__176: register_file_r_z__GB4, 
muxpart__67: register_file__GB3, 
case__150: register_file_r_z__GB12, 
muxpart__303: register_file_r_z__GB12, 
muxpart__326: register_file_r_z__GB11, 
datapath__5: gru_cell__GC0, 
muxpart__473: register_file_r_z__GB12, 
muxpart__610: register_file_r_z__GB4, 
logic__986: register_file_r_z__GB12, 
logic__978: register_file_r_z__GB12, 
datapath__2: gru_cell__GC0, 
muxpart__627: register_file_r_z__GB12, 
case__75: register_file_r_z__GB5, 
case__205: register_file_r_z__GB12, 
case__226: register_file_r_z__GB12, 
register_file_r_z__GB12: register_file_r_z__GB12, 
muxpart__360: register_file_r_z__GB8, 
logic__897: register_file_r_z__GB12, 
datapath__11: gru_cell__GC0, 
case__215: register_file_r_z__GB7, 
logic__480: register_file_r_z__GB12, 
datapath__48: activation_function__GB3, activation_function__GB2, activation_function__GB1, activation_function__GB0, 
muxpart__352: register_file_r_z__GB12, 
case__388: register_file_r_z__GB3, 
muxpart__554: register_file_r_z__GB12, 
muxpart__470: register_file_r_z__GB8, 
logic__720: register_file_r_z__GB12, 
logic__1348: register_file_r_z__GB9, 
logic__786: register_file_r_z__GB7, 
reg__230: register_file_r_z__GB6, 
muxpart__206: register_file_r_z__GB4, 
logic__750: register_file_r_z__GB12, 
logic__700: register_file_r_z__GB12, 
logic__350: register_file__parameterized0__GB2, 
muxpart__455: register_file_r_z__GB7, 
muxpart__244: register_file_r_z__GB12, 
case__196: register_file_r_z__GB7, 
muxpart__512: register_file_r_z__GB12, 
muxpart__345: register_file_r_z__GB9, 
case__251: register_file_r_z__GB7, 
muxpart__402: register_file_r_z__GB12, 
muxpart__12: register_file__GB3, 
datapath__32: activation_function__GB3, activation_function__GB2, activation_function__GB1, activation_function__GB0, 
muxpart__431: register_file_r_z__GB7, 
logic__394: register_file__parameterized0__GB2, 
logic__1215: register_file_r_z__GB12, 
reg__148: register_file__parameterized0__GB2, 
reg__134: register_file__parameterized0__GB2, 
muxpart__358: register_file_r_z__GB12, 
logic__652: register_file_r_z__GB12, 
logic__1182: register_file_r_z__GB5, 
reg__206: register_file_r_z__GB7, 
logic__1060: register_file_r_z__GB9, 
logic__1112: register_file_r_z__GB5, 
logic__1364: register_file_r_z__GB12, 
case__319: register_file_r_z__GB5, 
reg__2: gru_cell__GC0, 
logic__382: register_file__parameterized0__GB2, 
case__343: register_file_r_z__GB5, 
muxpart__74: register_file__GB3, 
logic__318: register_file__GB3, 
muxpart__211: register_file_r_z__GB4, 
logic__602: register_file_r_z__GB12, 
case__341: register_file_r_z__GB12, 
logic__918: register_file_r_z__GB12, 
muxpart__547: register_file_r_z__GB12, 
muxpart__664: register_file_r_z__GB12, 
muxpart__284: register_file_r_z__GB12, 
case__155: register_file_r_z__GB9, 
muxpart__738_register_file_r_z: muxpart__738_register_file_r_z, 
logic__1408: register_file_r_z__GB12, 
reg__126: register_file__GB3, 
logic__822: register_file_r_z__GB12, 
case__466: register_file_r_z__GB12, 
logic__1026: register_file_r_z__GB12, 
muxpart__648: register_file_r_z__GB12, 
logic__958: register_file_r_z__GB12, 
muxpart__114: register_file__GB3, 
logic__1436: register_file_r_z__GB12, 
logic__428: register_file_r_z__GB12, 
reg__208: register_file_r_z__GB8, 
reg__145: register_file__parameterized0__GB2, 
muxpart__571: register_file_r_z__GB5, 
case__465: register_file_r_z__GB12, 
logic__936: register_file_r_z__GB12, 
muxpart__155: register_file__parameterized0__GB2, 
muxpart__418: register_file_r_z__GB12, 
muxpart__406: register_file_r_z__GB7, 
muxpart__50: register_file__GB3, 
muxpart__410: register_file_r_z__GB9, 
logic__748: register_file_r_z__GB12, 
logic__406: register_file__parameterized0__GB2, 
muxpart__634: register_file_r_z__GB12, 
muxpart__603: register_file_r_z__GB12, 
muxpart__394: register_file_r_z__GB12, 
logic__576: register_file_r_z__GB11, 
reg__229: register_file_r_z__GB6, 
logic__208: register_file__GB3, 
logic__1358: register_file_r_z__GB9, 
case__372: register_file_r_z__GB9, 
logic__646: register_file_r_z__GB5, 
muxpart__581: register_file_r_z__GB5, 
reg__190: register_file_r_z__GB6, 
datapath__25: gru_cell__GC0, 
counter__9: gru_cell__GC0, 
case__406: register_file_r_z__GB12, 
logic__976: register_file_r_z__GB12, 
muxpart__666: register_file_r_z__GB9, 
reg__162: register_file__parameterized0__GB0, 
reg__97: register_file__GB3, 
muxpart__56: register_file__GB3, 
case__410: register_file_r_z__GB12, 
muxpart__237: register_file_r_z__GB12, 
case__107: register_file_r_z__GB5, 
muxpart__198: register_file_r_z__GB12, 
muxpart__413: register_file_r_z__GB12, 
case__64: register_file_r_z__GB4, 
logic__1048: register_file_r_z__GB12, 
reg__146: register_file__parameterized0__GB2, 
muxpart__5: gru_cell__GC0, 
reg__246: register_file_r_z__GB6, 
logic__810: register_file_r_z__GB12, 
case__309: register_file_r_z__GB12, 
logic__1036: register_file_r_z__GB12, 
muxpart__296: register_file_r_z__GB6, 
reg__219: register_file_r_z__GB8, 
case__163: register_file_r_z__GB7, 
logic__1476: register_file_r_z__GB12, 
reg__185: register_file_r_z__GB11, 
case__131: register_file_r_z__GB8, 
case__72: register_file_r_z__GB4, 
logic__612: register_file_r_z__GB12, 
case__294: register_file_r_z__GB12, 
muxpart__255: register_file_r_z__GB11, 
reg__194: register_file_r_z__GB7, 
case__27: register_file_r_z__GB4, 
logic__1366: register_file_r_z__GB3, 
muxpart__199: register_file_r_z__GB12, 
logic__630: register_file_r_z__GB12, 
logic__1010: register_file_r_z__GB8, 
case__317: register_file_r_z__GB12, 
logic__224: register_file__GB3, 
muxpart__659: register_file_r_z__GB12, 
muxpart__692: register_file_r_z__GB12, 
case__119: register_file_r_z__GB7, 
logic__1258: register_file_r_z__GB4, 
logic__1400: register_file_r_z__GB12, 
case__113: register_file_r_z__GB12, 
muxpart__488: register_file_r_z__GB12, 
case__211: register_file_r_z__GB7, 
muxpart__166_register_file__parameterized0: muxpart__166_register_file__parameterized0, 
reg__188: register_file_r_z__GB12, 
reg__205: register_file_r_z__GB8, 
muxpart__230: register_file_r_z__GB4, 
reg__35: register_file__GB2, 
muxpart__713: register_file_r_z__GB12, 
logic__1298: register_file_r_z__GB9, 
case__31: register_file_r_z__GB4, 
register_file__GB0: register_file__GB0, 
case__274: register_file_r_z__GB12, 
logic__914: register_file_r_z__GB12, 
muxpart__103: register_file__GB3, 
logic__1020: register_file_r_z__GB5, 
reg__61: register_file__GB2, 
muxpart__404: register_file_r_z__GB12, 
muxpart__292: register_file_r_z__GB12, 
logic__182: register_file__GB3, 
logic__1226: register_file_r_z__GB5, 
logic__796: register_file_r_z__GB8, 
muxpart__134: register_file__parameterized0__GB2, 
case__393: register_file_r_z__GB12, 
muxpart__395: register_file_r_z__GB7, 
muxpart__436: register_file_r_z__GB10, 
muxpart__48: register_file__GB3, 
logic__132: register_file__GB3, 
reg__159: register_file__parameterized0__GB0, 
muxpart__189: register_file_r_z__GB12, 
case__414: register_file_r_z__GB12, 
muxpart__592: register_file_r_z__GB12, 
logic__676: register_file_r_z__GB7, 
case__82: register_file_r_z__GB12, 
muxpart__558: register_file_r_z__GB12, 
muxpart__430: register_file_r_z__GB7, 
case__151: register_file_r_z__GB7, 
logic__1008: register_file_r_z__GB12, 
muxpart__182: register_file_r_z__GB12, 
case__333: register_file_r_z__GB12, 
logic__502: register_file_r_z__GB12, 
logic__1344: register_file_r_z__GB12, 
columnwise_mvm__GB2: columnwise_mvm__GB2, 
case__201: register_file_r_z__GB12, 
case__308: register_file_r_z__GB5, 
muxpart__209: register_file_r_z__GB12, 
case__45: register_file_r_z__GB12, 
muxpart__421: register_file_r_z__GB7, 
muxpart__115: register_file__GB3, 
logic__1162: register_file_r_z__GB9, 
logic__626: register_file_r_z__GB6, 
logic__758: register_file_r_z__GB12, 
muxpart__616: register_file_r_z__GB9, 
datapath__31: activation_function__GB3, activation_function__GB2, activation_function__GB1, activation_function__GB0, 
case__435: register_file_r_z__GB3, 
case__447: register_file_r_z__GB3, 
logic__212: register_file__GB3, 
case__225: register_file_r_z__GB12, 
logic__1288: register_file_r_z__GB4, 
reg__92: register_file__GB3, 
reg__9: gru_cell__GC0, 
logic__736: register_file_r_z__GB7, 
logic__604: register_file_r_z__GB9, 
logic__1100: register_file_r_z__GB9, 
muxpart__724: register_file_r_z__GB12, 
case__189: register_file_r_z__GB12, 
case__271: register_file_r_z__GB5, 
muxpart__432: register_file_r_z__GB12, 
case__242: register_file_r_z__GB12, 
logic__698: register_file_r_z__GB12, 
case__314: register_file_r_z__GB12, 
case__307: register_file_r_z__GB5, 
muxpart__44: register_file__GB3, 
reg__171: register_file_r_z__GB4, 
logic__1334: register_file_r_z__GB12, 
datapath__9: gru_cell__GC0, 
muxpart__640: register_file_r_z__GB9, 
reg__105: register_file__GB3, 
case__278: register_file_r_z__GB12, 
logic__1050: register_file_r_z__GB5, 
case__26: register_file_r_z__GB12, 
muxpart__643: register_file_r_z__GB12, 
reg__267: register_file_r_z__GB11, 
logic__138: register_file__GB3, 
muxpart__146: register_file__parameterized0__GB2, 
logic__1018: register_file_r_z__GB12, 
reg__163: register_file__parameterized0__GB0, 
muxpart__353: register_file_r_z__GB12, 
case__81: register_file_r_z__GB12, 
muxpart__474: register_file_r_z__GB12, 
logic__1446: register_file_r_z__GB12, 
logic__201: register_file__GB3, 
muxpart__405: register_file_r_z__GB7, 
muxpart__2: gru_cell__GC0, 
muxpart__728: register_file_r_z__GB12, 
muxpart__92: register_file__GB3, 
logic__804: register_file_r_z__GB7, 
logic__4: gru_cell__GC0, 
logic__1056: register_file_r_z__GB12, 
logic__389: register_file__parameterized0__GB2, 
logic__592: register_file_r_z__GB12, 
muxpart__46: register_file__GB3, 
case: gru_cell__GC0, 
case__176: register_file_r_z__GB7, 
reg__80: register_file__GB0, 
case__83: register_file_r_z__GB11, 
logic__454: register_file_r_z__GB4, 
muxpart__77: register_file__GB3, 
case__396: register_file_r_z__GB9, 
case__288: register_file_r_z__GB9, 
case__352: register_file_r_z__GB4, 
reg__174: register_file_r_z__GB4, 
logic__1428: register_file_r_z__GB12, 
logic__568: register_file_r_z__GB12, 
muxpart__398: register_file_r_z__GB12, 
logic__1152: register_file_r_z__GB9, 
muxpart__86: register_file__GB3, 
reg__119: register_file__GB3, 
reg__52: register_file__GB2, 
case__51: register_file_r_z__GB4, 
reg__70: register_file__GB2, 
logic__768: register_file_r_z__GB12, 
muxpart__705: register_file_r_z__GB3, 
reg__258: register_file_r_z__GB4, 
case__315: register_file_r_z__GB9, 
reg__161: register_file__parameterized0__GB0, 
logic__932: register_file_r_z__GB7, 
muxpart__17: register_file__GB3, 
muxpart__147: register_file__parameterized0__GB2, 
case__433: register_file_r_z__GB12, 
logic__1000: register_file_r_z__GB7, 
case__187: register_file_r_z__GB7, 
datapath__40: activation_function__GB3, activation_function__GB2, activation_function__GB1, activation_function__GB0, 
logic__532: register_file_r_z__GB12, 
logic__424: register_file_r_z__GB4, 
logic__994: register_file_r_z__GB12, 
reg__139: register_file__parameterized0__GB2, 
logic__666: register_file_r_z__GB6, 
elementwise_quant: gru_cell__GC0, 
datapath__15: columnwise_mvm__GB2, columnwise_mvm__GB1, columnwise_mvm__GB0, 
muxpart__162: register_file__parameterized0__GB2, 
muxpart__658: register_file_r_z__GB12, 
logic__304: register_file__GB3, 
logic__10: gru_cell__GC0, 
muxpart__21: register_file__GB3, 
logic__1481: register_file_r_z__GB12, 
muxpart__412: register_file_r_z__GB12, 
muxpart__419: register_file_r_z__GB12, 
case__41: register_file_r_z__GB12, 
muxpart__518: register_file_r_z__GB12, 
logic__1286: register_file_r_z__GB4, 
logic__1464: register_file_r_z__GB12, 
case__89: register_file_r_z__GB12, 
case__313: register_file_r_z__GB12, 
logic__724: register_file_r_z__GB11, 
case__329: register_file_r_z__GB12, 
case__262: register_file_r_z__GB12, 
muxpart__597: register_file_r_z__GB12, 
logic__578: register_file_r_z__GB12, 
logic__688: register_file_r_z__GB12, 
case__370: register_file_r_z__GB12, 
case__349: register_file_r_z__GB12, 
logic__928: register_file_r_z__GB12, 
muxpart__81: register_file__GB3, 
reg__155: register_file__parameterized0__GB0, 
logic__404: register_file__parameterized0__GB2, 
logic__226: register_file__GB3, 
muxpart__197: register_file_r_z__GB12, 
case__121: register_file_r_z__GB12, 
logic__1316: register_file_r_z__GB4, 
case__232: register_file_r_z__GB7, 
case__404: register_file_r_z__GB3, 
case__34: register_file_r_z__GB12, 
logic__436: register_file_r_z__GB10, 
case__324: register_file_r_z__GB5, 
muxpart__308: register_file_r_z__GB12, 
logic__912: register_file_r_z__GB7, 
logic__990: register_file_r_z__GB7, 
muxpart__695: register_file_r_z__GB3, 
logic__1500: register_file_r_z__GB12, 
reg__167: register_file__parameterized0__GB0, 
datapath__4: gru_cell__GC0, 
reg__86: register_file__GB3, 
muxpart__451: register_file_r_z__GB7, 
muxpart__519: register_file_r_z__GB12, 
muxpart__370: register_file_r_z__GB7, 
muxpart__208: register_file_r_z__GB12, 
muxpart__268: register_file_r_z__GB12, 
muxpart__551: register_file_r_z__GB5, 
muxpart__685: register_file_r_z__GB9, 
logic__1212: register_file_r_z__GB5, 
logic__718: register_file_r_z__GB12, 
muxpart__152: register_file__parameterized0__GB2, 
muxpart__154: register_file__parameterized0__GB2, 
logic__1052: register_file_r_z__GB5, 
logic__482: register_file_r_z__GB12, 
logic__738: register_file_r_z__GB12, 
reg__220: register_file_r_z__GB8, 
logic__374: register_file__parameterized0__GB2, 
logic__1508: register_file_r_z__GB9, 
muxpart__388: register_file_r_z__GB12, 
case__200: register_file_r_z__GB7, 
muxpart__129: register_file__parameterized0__GB2, 
logic__692: register_file_r_z__GB12, 
reg__245: register_file_r_z__GB6, 
reg__62: register_file__GB2, 
logic__984: register_file_r_z__GB12, 
muxpart__16: register_file__GB3, 
reg__268: register_file_r_z__GB3, 
case__351: register_file_r_z__GB4, 
datapath__1: gru_cell__GC0, 
logic__1128: register_file_r_z__GB12, 
muxpart__731: register_file_r_z__GB9, 
case__182: register_file_r_z__GB12, 
logic__316: register_file__GB3, 
case__203: register_file_r_z__GB7, 
reg__6: gru_cell__GC0, 
case__449: register_file_r_z__GB12, 
case__311: register_file_r_z__GB9, 
logic__256: register_file__GB3, 
reg__281: register_file_r_z__GB12, 
muxpart__517: register_file_r_z__GB12, 
logic__306: register_file__GB3, 
muxpart__174: register_file_r_z__GB12, 
muxpart__683: register_file_r_z__GB12, 
case__380: register_file_r_z__GB4, 
muxpart__644: register_file_r_z__GB12, 
muxpart__137: register_file__parameterized0__GB2, 
logic__110: register_file__GB3, 
muxpart__487: register_file_r_z__GB12, 
muxpart__535: register_file_r_z__GB5, 
case__86: register_file_r_z__GB12, 
case__457: register_file_r_z__GB12, 
logic__1210: register_file_r_z__GB5, 
logic__1122: register_file_r_z__GB9, 
muxpart__28: register_file__GB3, 
logic__322: register_file__GB3, 
muxpart__514: register_file_r_z__GB12, 
logic__704: register_file_r_z__GB8, 
muxpart__332: register_file_r_z__GB12, 
case__224: register_file_r_z__GB7, 
muxpart__461: register_file_r_z__GB7, 
logic__1501: register_file_r_z__GB3, 
reg__128: register_file__GB3, 
logic__446: register_file_r_z__GB4, 
muxpart__441: register_file_r_z__GB7, 
muxpart__337: register_file_r_z__GB12, 
logic__1002: register_file_r_z__GB7, 
logic__1445: register_file_r_z__GB12, 
logic__754: register_file_r_z__GB7, 
logic__418: register_file_r_z__GB12, 
muxpart__618: register_file_r_z__GB12, 
logic__570: register_file_r_z__GB12, 
muxpart__79: register_file__GB3, 
case__389: register_file_r_z__GB12, 
reg__32: register_file__GB2, 
case__332: register_file_r_z__GB5, 
logic__1166: register_file_r_z__GB12, 
logic__1078: register_file_r_z__GB12, 
muxpart__423: register_file_r_z__GB12, 
register_file__GB3: register_file__GB3, 
logic__566: register_file_r_z__GB5, 
logic__1474: register_file_r_z__GB12, 
muxpart__184: register_file_r_z__GB12, 
muxpart__429: register_file_r_z__GB12, 
muxpart__440: register_file_r_z__GB7, 
case__166: register_file_r_z__GB12, 
muxpart__297: register_file_r_z__GB12, 
logic__1306: register_file_r_z__GB4, 
muxpart__680: register_file_r_z__GB3, 
muxpart__212: register_file_r_z__GB12, 
logic__142: register_file__GB3, 
muxpart__662: register_file_r_z__GB12, 
muxpart__697: register_file_r_z__GB12, 
logic__1006: register_file_r_z__GB12, 
muxpart__270: register_file_r_z__GB10, 
case__405: register_file_r_z__GB12, 
logic__832: register_file_r_z__GB12, 
muxpart__229: register_file_r_z__GB12, 
logic__996: register_file_r_z__GB12, 
muxpart__605: register_file_r_z__GB9, 
logic__1214: register_file_r_z__GB12, 
logic__1516: register_file_r_z__GB9, 
logic__1256: register_file_r_z__GB4, 
muxpart__492: register_file_r_z__GB12, 
muxpart__179: register_file_r_z__GB12, 
logic__650: register_file_r_z__GB12, 
muxpart__287: register_file_r_z__GB12, 
muxpart__608: register_file_r_z__GB12, 
logic__902: register_file_r_z__GB7, 
logic__968: register_file_r_z__GB12, 
logic__1384: register_file_r_z__GB3, 
reg__56: register_file__GB2, 
muxpart__222: register_file_r_z__GB12, 
muxpart__49: register_file__GB3, 
logic__856: register_file_r_z__GB7, 
logic__1140: register_file_r_z__GB5, 
muxpart__201: register_file_r_z__GB4, 
case__331: register_file_r_z__GB5, 
muxpart__645: register_file_r_z__GB9, 
muxpart__124: register_file__GB3, 
reg__172: register_file_r_z__GB4, 
muxpart__80: register_file__GB3, 
case__141: register_file_r_z__GB12, 
case__19: register_file_r_z__GB4, 
muxpart__458: register_file_r_z__GB12, 
logic__1371: register_file_r_z__GB12, 
case__365: register_file_r_z__GB12, 
muxpart__411: register_file_r_z__GB9, 
logic__550: register_file_r_z__GB12, 
case__169: register_file_r_z__GB12, 
logic__668: register_file_r_z__GB12, 
muxpart__25: register_file__GB3, 
muxpart__101: register_file__GB3, 
logic__1040: register_file_r_z__GB5, 
muxpart__623: register_file_r_z__GB12, 
reg__71: register_file__GB2, 
muxpart__403: register_file_r_z__GB12, 
case__250: register_file_r_z__GB12, 
reg__240: register_file_r_z__GB9, 
logic__196: register_file__GB3, 
case__265: register_file_r_z__GB12, 
counter__6: gru_cell__GC0, 
logic__838: register_file_r_z__GB12, 
logic__1136: register_file_r_z__GB12, 
reg__25: register_file__GB2, 
muxpart__135: register_file__parameterized0__GB2, 
logic__560: register_file_r_z__GB12, 
muxpart__509: register_file_r_z__GB12, 
case__229: register_file_r_z__GB12, 
muxpart__78: register_file__GB3, 
logic__1320: register_file_r_z__GB12, 
case__318: register_file_r_z__GB12, 
logic__401: register_file__parameterized0__GB2, 
muxpart__586: register_file_r_z__GB6, 
logic__1300: register_file_r_z__GB12, 
logic__672: register_file_r_z__GB12, 
muxpart__60: register_file__GB3, 
logic__778: register_file_r_z__GB12, 
logic__598: register_file_r_z__GB12, 
muxpart__91: register_file__GB3, 
case__235: register_file_r_z__GB7, 
case__470: gru_cell__GC0, 
logic__766: register_file_r_z__GB9, 
case__430: register_file_r_z__GB12, 
case__237: register_file_r_z__GB12, 
muxpart__615: register_file_r_z__GB9, 
muxpart__311: register_file_r_z__GB8, 
reg__236: register_file_r_z__GB10, 
datapath__18: columnwise_mvm__GB2, columnwise_mvm__GB1, columnwise_mvm__GB0, 
muxpart__204: register_file_r_z__GB12, 
muxpart__140: register_file__parameterized0__GB2, 
muxpart__548: register_file_r_z__GB12, 
case__149: register_file_r_z__GB12, 
case__285: register_file_r_z__GB12, 
muxpart__477: register_file_r_z__GB12, 
case__436: register_file_r_z__GB3, 
logic__802: register_file_r_z__GB12, 
case__114: register_file_r_z__GB12, 
case__28: register_file_r_z__GB4, 
logic__1486: register_file_r_z__GB9, 
muxpart__588: register_file_r_z__GB12, 
reg__255: register_file_r_z__GB11, 
logic__980: register_file_r_z__GB7, 
logic__686: register_file_r_z__GB7, 
logic__460: register_file_r_z__GB12, 
muxpart__357: register_file_r_z__GB12, 
muxpart__439: register_file_r_z__GB12, 
logic__354: register_file__parameterized0__GB2, 
muxpart__277: register_file_r_z__GB12, 
logic__636: register_file_r_z__GB6, 
reg__265: register_file_r_z__GB3, 
case__124: register_file_r_z__GB7, 
reg__55: register_file__GB2, 
muxpart__185: register_file_r_z__GB4, 
reg__247: register_file_r_z__GB6, 
logic__774: register_file_r_z__GB7, 
muxpart__24: register_file__GB3, 
muxpart__383: register_file_r_z__GB12, 
logic__852: register_file_r_z__GB12, 
case__220: register_file_r_z__GB7, 
reg__96: register_file__GB3, 
reg__16: register_file__GB3, 
reg__84: register_file__GB3, 
muxpart__304: register_file_r_z__GB12, 
logic__268: register_file__GB3, 
logic__840: register_file_r_z__GB12, 
case__91: register_file_r_z__GB9, 
muxpart__356: register_file_r_z__GB7, 
logic__806: register_file_r_z__GB7, 
case__257: register_file_r_z__GB12, 
muxpart__725: register_file_r_z__GB3, 
case__193: register_file_r_z__GB12, 
case__159: register_file_r_z__GB7, 
case__20: register_file_r_z__GB4, 
case__344: register_file_r_z__GB6, 
muxpart__506: register_file_r_z__GB5, 
reg__21: register_file__GB2, 
reg__199: register_file_r_z__GB11, 
case__391: register_file_r_z__GB9, 
muxpart__476: register_file_r_z__GB5, 
muxpart__456: register_file_r_z__GB7, 
case__97: register_file_r_z__GB12, 
muxpart__274: register_file_r_z__GB12, 
logic__1484: register_file_r_z__GB12, 
muxpart__604: register_file_r_z__GB12, 
muxpart__686: register_file_r_z__GB9, 
muxpart__378: register_file_r_z__GB12, 
muxpart__302: register_file_r_z__GB12, 
muxpart__122: register_file__GB3, 
case__416: register_file_r_z__GB3, 
case__179: register_file_r_z__GB7, 
activation_function__GB2: activation_function__GB2, 
reg__12: gru_cell__GC0, 
case__111: register_file_r_z__GB5, 
muxpart__203: register_file_r_z__GB12, 
logic__1284: register_file_r_z__GB12, 
case__50: register_file_r_z__GB12, 
muxpart__242: register_file_r_z__GB12, 
case__180: register_file_r_z__GB7, 
muxpart__671: register_file_r_z__GB3, 
logic__288: register_file__GB3, 
muxpart__289: register_file_r_z__GB12, 
case__403: register_file_r_z__GB3, 
datapath__10: gru_cell__GC0, 
case__266: register_file_r_z__GB12, 
case__327: register_file_r_z__GB5, 
logic__884: register_file_r_z__GB7, 
muxpart__85: register_file__GB3, 
logic__1432: register_file_r_z__GB9, 
muxpart__574: register_file_r_z__GB12, 
logic__1478: register_file_r_z__GB3, 
logic__534: register_file_r_z__GB4, 
reg__64: register_file__GB2, 
logic__1380: register_file_r_z__GB12, 
case__117: register_file_r_z__GB12, 
logic__590: register_file_r_z__GB12, 
logic__244: register_file__GB3, 
case__13: register_file_r_z__GB12, 
logic__1114: register_file_r_z__GB12, 
muxpart__253: register_file_r_z__GB12, 
case__65: register_file_r_z__GB12, 
case__185: register_file_r_z__GB12, 
logic__930: register_file_r_z__GB7, 
muxpart__520: register_file_r_z__GB5, 
reg__213: register_file_r_z__GB8, 
logic__660: register_file_r_z__GB12, 
logic__1494: register_file_r_z__GB3, 
case__390: register_file_r_z__GB12, 
case__221: register_file_r_z__GB12, 
muxpart__276: register_file_r_z__GB6, 
reg__121: register_file__GB3, 
muxpart__678: register_file_r_z__GB12, 
muxpart__100: register_file__GB3, 
reg__13: gru_cell__GC0, 
logic__732: register_file_r_z__GB12, 
muxpart__106: register_file__GB3, 
case__55: register_file_r_z__GB4, 
logic__72: activation_function__GB3, activation_function__GB2, activation_function__GB1, activation_function__GB0, 
logic__792: register_file_r_z__GB12, 
muxpart__11: register_file__GB3, 
logic__1184: register_file_r_z__GB12, 
logic__1148: register_file_r_z__GB12, 
reg__122: register_file__GB3, 
case__281: register_file_r_z__GB12, 
logic__1282: register_file_r_z__GB12, 
logic__1276: register_file_r_z__GB9, 
muxpart__560: register_file_r_z__GB5, 
logic__702: register_file_r_z__GB12, 
muxpart__540: register_file_r_z__GB9, 
logic__762: register_file_r_z__GB12, 
logic__152: register_file__GB3, 
reg__31: register_file__GB2, 
logic__1342: register_file_r_z__GB12, 
logic__1232: register_file_r_z__GB12, 
muxpart__385: register_file_r_z__GB7, 
logic__36: gru_cell__GC0, 
muxpart__521: register_file_r_z__GB5, 
case__298: register_file_r_z__GB12, 
logic__654: register_file_r_z__GB5, 
logic__1168: register_file_r_z__GB12, 
logic__392: register_file__parameterized0__GB2, 
logic__298: register_file__GB3, 
muxpart__496: register_file_r_z__GB9, 
logic__434: register_file_r_z__GB10, 
muxpart__735: register_file_r_z__GB9, 
logic__992: register_file_r_z__GB7, 
muxpart__233: register_file_r_z__GB12, 
logic__1176: register_file_r_z__GB12, 
muxpart__68: register_file__GB3, 
muxpart__736: register_file_r_z__GB9, 
muxpart__55: register_file__GB3, 
muxpart__710: register_file_r_z__GB3, 
case__78: register_file_r_z__GB12, 
logic__300: register_file__GB3, 
muxpart__291: register_file_r_z__GB5, 
logic__1416: register_file_r_z__GB12, 
muxpart__20: register_file__GB3, 
logic__860: register_file_r_z__GB12, 
case__171: register_file_r_z__GB7, 
muxpart__281: register_file_r_z__GB6, 
logic__5: gru_cell__GC0, 
logic__670: register_file_r_z__GB12, 
logic__1308: register_file_r_z__GB4, 
datapath__39: activation_function__GB3, activation_function__GB2, activation_function__GB1, activation_function__GB0, 
muxpart__36: register_file__GB3, 
muxpart__216: register_file_r_z__GB4, 
reg__170: register_file_r_z__GB11, 
reg__81: register_file__GB0, 
muxpart__420: register_file_r_z__GB7, 
logic__341: register_file__parameterized0__GB2, 
muxpart__348: register_file_r_z__GB12, 
logic__760: register_file_r_z__GB12, 
logic__920: register_file_r_z__GB7, 
logic__1402: register_file_r_z__GB3, 
muxpart__110: register_file__GB3, 
logic__644: register_file_r_z__GB5, 
logic__452: register_file_r_z__GB12, 
muxpart__498: register_file_r_z__GB12, 
logic__264: register_file__GB3, 
logic__45: gru_cell__GC0, 
muxpart__579: register_file_r_z__GB12, 
logic__1206: register_file_r_z__GB12, 
muxpart__532: register_file_r_z__GB12, 
muxpart__321: register_file_r_z__GB8, 
logic__474: register_file_r_z__GB4, 
case__325: register_file_r_z__GB12, 
logic__1094: register_file_r_z__GB12, 
counter__8: gru_cell__GC0, 
logic__402: register_file__parameterized0__GB2, 
muxpart__484: register_file_r_z__GB12, 
muxpart__737: register_file_r_z__GB2, 
reg__40: register_file__GB2, 
logic__1172: register_file_r_z__GB5, 
muxpart__675: register_file_r_z__GB3, 
reg__17: register_file__GB2, 
muxpart__670: register_file_r_z__GB3, 
logic__1485: register_file_r_z__GB9, 
logic__1310: register_file_r_z__GB12, 
dsp48e2: columnwise_mvm__GB2, columnwise_mvm__GB1, columnwise_mvm__GB0, 
datapath__30: activation_function__GB3, activation_function__GB2, activation_function__GB1, activation_function__GB0, 
logic__234: register_file__GB3, 
reg__224: register_file_r_z__GB8, 
case__276: register_file_r_z__GB9, 
case__377: register_file_r_z__GB12, 
logic__112: register_file__GB3, 
muxpart__41: register_file__GB3, 
logic__798: register_file_r_z__GB12, 
reg__262: register_file_r_z__GB11, 
muxpart__587: register_file_r_z__GB12, 
case__297: register_file_r_z__GB12, 
logic__1217: register_file_r_z__GB5, 
muxpart__7: activation_function__GB3, activation_function__GB2, activation_function__GB1, activation_function__GB0, 
case__133: register_file_r_z__GB12, 
muxpart__653: register_file_r_z__GB12, 
logic__966: register_file_r_z__GB12, 
muxpart__145: register_file__parameterized0__GB2, 
muxpart__401: register_file_r_z__GB7, 
muxpart__730: register_file_r_z__GB9, 
muxpart__515: register_file_r_z__GB9, 
muxpart__93: register_file__GB3, 
reg__243: register_file_r_z__GB11, 
reg__217: register_file_r_z__GB8, 
muxpart__171: register_file_r_z__GB4, 
reg__89: register_file__GB3, 
mult: columnwise_mvm__GB2, columnwise_mvm__GB1, columnwise_mvm__GB0, 
muxpart__414: register_file_r_z__GB12, 
logic__81: activation_function__GB3, activation_function__GB2, activation_function__GB1, activation_function__GB0, 
logic__1254: register_file_r_z__GB12, 
logic__486: register_file_r_z__GB4, 
muxpart__180: register_file_r_z__GB10, 
reg__91: register_file__GB3, 
logic__326: register_file__GB3, 
logic__1390: register_file_r_z__GB12, 
logic__1376: register_file_r_z__GB12, 
muxpart__107: register_file__GB3, 
reg__53: register_file__GB2, 
logic__144: register_file__GB3, 
logic__1088: register_file_r_z__GB12, 
muxpart__131: register_file__parameterized0__GB2, 
datapath__28: activation_function__GB3, activation_function__GB2, activation_function__GB1, activation_function__GB0, 
muxpart__396: register_file_r_z__GB7, 
muxpart__47: register_file__GB3, 
muxpart__522: register_file_r_z__GB12, 
case__98: register_file_r_z__GB12, 
muxpart__236: register_file_r_z__GB11, 
reg__38: register_file__GB2, 
reg__251: register_file_r_z__GB6, 
logic__366: register_file__parameterized0__GB2, 
case__125: register_file_r_z__GB12, 
case__178: register_file_r_z__GB12, 
muxpart__97: register_file__GB3, 
reg__59: register_file__GB2, 
logic__6: gru_cell__GC0, 
logic__164: register_file__GB3, 
case__236: register_file_r_z__GB7, 
FixedPoint_Extend_Unsigned: activation_function__GB3, activation_function__GB2, activation_function__GB1, activation_function__GB0, 
case__30: register_file_r_z__GB12, 
logic__640: register_file_r_z__GB12, 
muxpart__234: register_file_r_z__GB12, 
muxpart__34: register_file__GB3, 
case__376: register_file_r_z__GB4, 
muxpart__23: register_file__GB3, 
muxpart__142: register_file__parameterized0__GB2, 
dsp48e2__2: gru_cell__GC0, 
muxpart__559: register_file_r_z__GB12, 
logic__1134: register_file_r_z__GB12, 
case__104: register_file_r_z__GB6, 
logic__134: register_file__GB3, 
muxpart__698: register_file_r_z__GB12, 
reg__60: register_file__GB2, 
datapath__29: activation_function__GB3, activation_function__GB2, activation_function__GB1, activation_function__GB0, 
reg__191: register_file_r_z__GB6, 
muxpart__306: register_file_r_z__GB7, 
muxpart__596: register_file_r_z__GB4, 
logic__400: register_file__parameterized0__GB2, 
reg__195: register_file_r_z__GB7, 
muxpart__62: register_file__GB3, 
muxpart__339: register_file_r_z__GB12, 
datapath__21: gru_cell__GC0, columnwise_mvm__GB2, columnwise_mvm__GB1, columnwise_mvm__GB0, 
logic__1514: register_file_r_z__GB12, 
case__304: register_file_r_z__GB9, 
logic__332: register_file__parameterized0__GB2, 
logic__202: register_file__GB3, 
logic__790: register_file_r_z__GB12, 
logic__622: register_file_r_z__GB12, 
logic__348: register_file__parameterized0__GB2, 
logic__1216: register_file_r_z__GB12, 
logic__284: register_file__GB3, 
logic__844: register_file_r_z__GB7, 
case__123: register_file_r_z__GB7, 
logic__1066: register_file_r_z__GB12, 
case__40: register_file_r_z__GB4, 
datapath__26: activation_function__GB3, activation_function__GB2, activation_function__GB1, activation_function__GB0, 
muxpart__707: register_file_r_z__GB12, 
muxpart__424: register_file_r_z__GB12, 
case__336: register_file_r_z__GB5, 
reg: gru_cell__GC0, 
muxpart__674: register_file_r_z__GB12, 
muxpart__546: register_file_r_z__GB9, 
logic__220: register_file__GB3, 
logic__408: register_file_r_z__GB12, 
logic__1138: register_file_r_z__GB12, 
muxpart__121: register_file__GB3, 
logic: gru_cell__GC0, 
muxpart__372: register_file_r_z__GB12, 
datapath__49: gru_cell__GC0, 
muxpart__567: register_file_r_z__GB12, 
muxpart__126_register_file: muxpart__126_register_file, 
case__378: register_file_r_z__GB12, 
muxpart__143: register_file__parameterized0__GB2, 
muxpart__408: register_file_r_z__GB12, 
case__419: register_file_r_z__GB3, 
logic__338: register_file__parameterized0__GB2, 
logic__430: register_file_r_z__GB12, 
muxpart__338: register_file_r_z__GB12, 
elementwise_mult__parameterized0: gru_cell__GC0, 
muxpart__228: register_file_r_z__GB12, 
muxpart__172: register_file_r_z__GB12, 
logic__490: register_file_r_z__GB12, 
case__58: register_file_r_z__GB12, 
reg__76: register_file__GB0, 
muxpart__257: register_file_r_z__GB12, 
logic__56: gru_cell__GC0, columnwise_mvm__GB2, columnwise_mvm__GB1, columnwise_mvm__GB0, 
logic__1374: register_file_r_z__GB3, 
logic__1014: register_file_r_z__GB12, 
muxpart__159: register_file__parameterized0__GB2, 
muxpart__565: register_file_r_z__GB5, 
reg__278: register_file_r_z__GB2, 
muxpart__453: register_file_r_z__GB12, 
logic__1156: register_file_r_z__GB12, 
logic__1296: register_file_r_z__GB9, 
muxpart__575: register_file_r_z__GB5, 
muxpart__665: register_file_r_z__GB9, 
muxpart__628: register_file_r_z__GB12, 
reg__42: register_file__GB2, 
case__128: register_file_r_z__GB8, 
case__284: register_file_r_z__GB5, 
case__383: register_file_r_z__GB3, 
reg__48: register_file__GB2, 
kernel: columnwise_mvm__GB2, columnwise_mvm__GB1, columnwise_mvm__GB0, 
case__161: register_file_r_z__GB12, 
reg__166: register_file__parameterized0__GB2, 
muxpart__215: register_file_r_z__GB4, 
logic__824: register_file_r_z__GB7, 
logic__1072: register_file_r_z__GB5, 
muxpart__341: register_file_r_z__GB7, 
case__322: register_file_r_z__GB12, 
muxpart__8: activation_function__GB3, activation_function__GB2, activation_function__GB1, activation_function__GB0, 
reg__263: register_file_r_z__GB11, 
reg__3: gru_cell__GC0, 
logic__1196: register_file_r_z__GB12, 
reg__141: register_file__parameterized0__GB2, 
reg__226: register_file_r_z__GB8, 
muxpart__712: register_file_r_z__GB12, 
case__74: register_file_r_z__GB12, 
case__56: register_file_r_z__GB4, 
logic__776: register_file_r_z__GB7, 
datapath__8: gru_cell__GC0, 
muxpart__699: register_file_r_z__GB12, 
muxpart__481: register_file_r_z__GB5, 
logic__190: register_file__GB3, 
reg__176: register_file_r_z__GB4, 
logic__1336: register_file_r_z__GB3, 
logic__1290: register_file_r_z__GB12, 
logic__77: activation_function__GB3, activation_function__GB2, activation_function__GB1, activation_function__GB0, 
muxpart__59: register_file__GB3, 
case__118: register_file_r_z__GB12, 
case__218: register_file_r_z__GB12, 
register_file_r_z__GB7: register_file_r_z__GB7, 
muxpart__734: register_file_r_z__GB12, 
logic__1506: register_file_r_z__GB12, 
case__147: register_file_r_z__GB10, 
case__360: register_file_r_z__GB4, 
logic__384: register_file__parameterized0__GB2, 
logic__520: register_file_r_z__GB12, 
logic__294: register_file__GB3, 
muxpart__656: register_file_r_z__GB3, 
reg__151: register_file__parameterized0__GB0, 
case__320: register_file_r_z__GB5, 
case__398: register_file_r_z__GB12, 
case__54: register_file_r_z__GB12, 
case__137: register_file_r_z__GB12, 
logic__282: register_file__GB3, 
muxpart__679: register_file_r_z__GB12, 
case__301: register_file_r_z__GB12, 
muxpart__452: register_file_r_z__GB12, 
muxpart__118: register_file__GB3, 
logic__1468: register_file_r_z__GB3, 
logic__1012: register_file_r_z__GB8, 
case__206: register_file_r_z__GB12, 
muxpart__57: register_file__GB3, 
muxpart__271: register_file_r_z__GB10, 
reg__160: register_file__parameterized0__GB0, 
logic__444: register_file_r_z__GB4, 
muxpart__250: register_file_r_z__GB11, 
muxpart__294: register_file_r_z__GB12, 
muxpart__650: register_file_r_z__GB3, 
muxpart__224: register_file_r_z__GB12, 
muxpart__471: register_file_r_z__GB8, 
muxpart__642: register_file_r_z__GB12, 
logic__1292: register_file_r_z__GB12, 
case__69: register_file_r_z__GB12, 
reg__114: register_file__GB3, 
logic__656: register_file_r_z__GB5, 
logic__756: register_file_r_z__GB7, 
logic__1450: register_file_r_z__GB3, 
muxpart__258: register_file_r_z__GB12, 
case__424: register_file_r_z__GB3, 
reg__8: gru_cell__GC0, 
muxpart__633: register_file_r_z__GB12, 
case__103: register_file_r_z__GB6, 
muxpart__599: register_file_r_z__GB12, 
logic__334: register_file__parameterized0__GB2, 
case__184: register_file_r_z__GB9, 
logic__1338: register_file_r_z__GB3, 
logic__874: register_file_r_z__GB7, 
logic__462: register_file_r_z__GB12, 
muxpart__322: register_file_r_z__GB12, 
muxpart__374: register_file_r_z__GB12, 
muxpart__578: register_file_r_z__GB12, 
logic__1234: register_file_r_z__GB12, 
logic__742: register_file_r_z__GB12, 
datapath__7: gru_cell__GC0, 
logic__866: register_file_r_z__GB7, 
case__79: register_file_r_z__GB11, 
case__364: register_file_r_z__GB9, 
reg__198: register_file_r_z__GB8, 
datapath__33: activation_function__GB3, activation_function__GB2, activation_function__GB1, activation_function__GB0, 
logic__1202: register_file_r_z__GB5, 
reg__204: register_file_r_z__GB8, 
reg__196: register_file_r_z__GB7, 
case__77: register_file_r_z__GB12, 
case__367: register_file_r_z__GB4, 
logic__876: register_file_r_z__GB7, 
activation_function__GB1: activation_function__GB1, 
logic__1194: register_file_r_z__GB12, 
case__402: register_file_r_z__GB12, 
case__310: register_file_r_z__GB12, 
logic__924: register_file_r_z__GB12, 
reg__27: register_file__GB2, 
muxpart__64: register_file__GB3, 
case__90: register_file_r_z__GB12, 
muxpart__391: register_file_r_z__GB7, 
muxpart__18: register_file__GB3, 
logic__140: register_file__GB3, 
reg__78: register_file__GB0, 
case__386: register_file_r_z__GB12, 
logic__610: register_file_r_z__GB12, 
reg__66: register_file__GB2, 
muxpart__53: register_file__GB3, 
muxpart__371: register_file_r_z__GB7, 
logic__954: register_file_r_z__GB12, 
muxpart__120: register_file__GB3, 
logic__1507: register_file_r_z__GB9, 
logic__1218: register_file_r_z__GB5, 
logic__514: register_file_r_z__GB4, 
case__62: register_file_r_z__GB12, 
muxpart__464: register_file_r_z__GB12, 
logic__310: register_file__GB3, 
muxpart__31: register_file__GB3, 
case__455: register_file_r_z__GB3, 
muxpart__32: register_file__GB3, 
logic__1238: register_file_r_z__GB6, 
logic__1382: register_file_r_z__GB3, 
case__255: register_file_r_z__GB8, 
logic__266: register_file__GB3, 
muxpart__102: register_file__GB3, 
case__345: register_file_r_z__GB12, 
reg__169: register_file_r_z__GB4, 
muxpart__580: register_file_r_z__GB5, 
case__323: register_file_r_z__GB5, 
logic__214: register_file__GB3, 
case__52: register_file_r_z__GB4, 
muxpart__612: register_file_r_z__GB12, 
register_file__GB2: register_file__GB2, 
case__115: register_file_r_z__GB6, 
logic__1142: register_file_r_z__GB5, 
logic__1378: register_file_r_z__GB12, 
muxpart__497: register_file_r_z__GB12, 
muxpart__235: register_file_r_z__GB11, 
logic__75: activation_function__GB3, activation_function__GB2, activation_function__GB1, activation_function__GB0, 
muxpart__380: register_file_r_z__GB9, 
muxpart__272: register_file_r_z__GB12, 
muxpart__625: register_file_r_z__GB4, 
muxpart__409: register_file_r_z__GB12, 
muxpart__667: register_file_r_z__GB12, 
muxpart__499: register_file_r_z__GB12, 
muxpart__720: register_file_r_z__GB3, 
muxpart__119: register_file__GB3, 
case__214: register_file_r_z__GB12, 
muxpart__158: register_file__parameterized0__GB2, 
logic__356: register_file__parameterized0__GB2, 
muxpart__631: register_file_r_z__GB3, 
logic__216: register_file__GB3, 
logic__1448: register_file_r_z__GB12, 
logic__618: register_file_r_z__GB12, 
muxpart__516: register_file_r_z__GB9, 
logic__1430: register_file_r_z__GB12, 
logic__1240: register_file_r_z__GB12, 
logic__1030: register_file_r_z__GB5, 
logic__180: register_file__GB3, 
logic__1266: register_file_r_z__GB4, 
logic__1208: register_file_r_z__GB12, 
logic__730: register_file_r_z__GB12, 
case__32: register_file_r_z__GB4, 
muxpart__344: register_file_r_z__GB12, 
logic__846: register_file_r_z__GB7, 
logic__582: register_file_r_z__GB12, 
case__60: register_file_r_z__GB10, 
muxpart__480: register_file_r_z__GB5, 
logic__962: register_file_r_z__GB7, 
logic__344: register_file__parameterized0__GB2, 
case__142: register_file_r_z__GB12, 
logic__1092: register_file_r_z__GB9, 
case__148: register_file_r_z__GB10, 
muxpart__330: register_file_r_z__GB7, 
muxpart__262: register_file_r_z__GB12, 
case__287: register_file_r_z__GB9, 
muxpart__376: register_file_r_z__GB7, 
case__181: register_file_r_z__GB12, 
case__39: register_file_r_z__GB4, 
logic__770: register_file_r_z__GB12, 
case__348: register_file_r_z__GB6, 
muxpart__252: register_file_r_z__GB12, 
case__122: register_file_r_z__GB12, 
reg__210: register_file_r_z__GB11, 
muxpart__630: register_file_r_z__GB3, 
logic__1244: register_file_r_z__GB12, 
logic__632: register_file_r_z__GB12, 
muxpart__278: register_file_r_z__GB12, 
reg__201: register_file_r_z__GB10, 
reg__138: register_file__parameterized0__GB2, 
muxpart__723: register_file_r_z__GB12, 
muxpart__443: register_file_r_z__GB12, 
case__138: register_file_r_z__GB12, 
logic__624: register_file_r_z__GB6, 
case__38: register_file_r_z__GB12, 
logic__1016: register_file_r_z__GB12, 
case__247: register_file_r_z__GB7, 
logic__1278: register_file_r_z__GB9, 
reg__147: register_file__parameterized0__GB2, 
logic__200: register_file__GB3, 
muxpart__6: gru_cell__GC0, 
logic__17: gru_cell__GC0, 
case__397: register_file_r_z__GB12, 
reg__130: register_file__parameterized0__GB2, 
datapath__16: columnwise_mvm__GB2, columnwise_mvm__GB1, columnwise_mvm__GB0, 
case__417: register_file_r_z__GB12, 
PSigmoid: activation_function__GB3, activation_function__GB2, activation_function__GB1, activation_function__GB0, 
muxpart__295: register_file_r_z__GB6, 
reg__180: register_file_r_z__GB4, 
case__80: register_file_r_z__GB11, 
muxpart__275: register_file_r_z__GB6, 
case__362: register_file_r_z__GB12, 
reg__44: register_file__GB2, 
muxpart__726: register_file_r_z__GB3, 
reg__187: register_file_r_z__GB9, 
reg__222: register_file_r_z__GB8, 
muxpart__205: register_file_r_z__GB4, 
TwosComp: activation_function__GB3, activation_function__GB2, activation_function__GB1, activation_function__GB0, 
muxpart__231: register_file_r_z__GB4, 
FixedPoint_Adder: activation_function__GB3, activation_function__GB2, activation_function__GB1, activation_function__GB0, 
reg__164: register_file__parameterized0__GB0, 
muxpart__290: register_file_r_z__GB5, 
logic__1324: register_file_r_z__GB12, 
muxpart__459: register_file_r_z__GB12, 
logic__1024: register_file_r_z__GB12, 
reg__133: register_file__parameterized0__GB2, 
case__259: register_file_r_z__GB5, 
logic__230: register_file__GB3, 
muxpart__98: register_file__GB3, 
logic__696: register_file_r_z__GB8, 
muxpart__346: register_file_r_z__GB9, 
logic__378: register_file__parameterized0__GB2, 
case__464: register_file_r_z__GB9, 
reg__273: register_file_r_z__GB3, 
datapath__36: activation_function__GB3, activation_function__GB2, activation_function__GB1, activation_function__GB0, 
muxpart__428: register_file_r_z__GB12, 
logic__564: register_file_r_z__GB5, 
muxpart__164: register_file__parameterized0__GB2, 
case__204: register_file_r_z__GB7, 
logic__694: register_file_r_z__GB8, 
case__22: register_file_r_z__GB12, 
muxpart__513: register_file_r_z__GB12, 
reg__106: register_file__GB3, 
logic__320: register_file__GB3, 
muxpart__626: register_file_r_z__GB4, 
reg__109: register_file__GB3, 
case__270: register_file_r_z__GB12, 
muxpart__132: register_file__parameterized0__GB2, 
case__102: register_file_r_z__GB12, 
logic__1034: register_file_r_z__GB12, 
reg__4: gru_cell__GC0, 
case__282: register_file_r_z__GB12, 
case__356: register_file_r_z__GB4, 
reg__231: register_file_r_z__GB6, 
muxpart__42: register_file__GB3, 
muxpart__168: register_file_r_z__GB12, 
case__162: register_file_r_z__GB12, 
muxpart__568: register_file_r_z__GB12, 
logic__868: register_file_r_z__GB12, 
reg__156: register_file__parameterized0__GB0, 
reg__272: register_file_r_z__GB3, 
case__210: register_file_r_z__GB12, 
reg__259: register_file_r_z__GB2, 
muxpart__526: register_file_r_z__GB9, 
logic__174: register_file__GB3, 
reg__189: register_file_r_z__GB5, 
reg__228: register_file_r_z__GB8, 
logic__1518: register_file_r_z__GB9, 
muxpart__478: register_file_r_z__GB12, 
logic__794: register_file_r_z__GB8, 
case__9: activation_function__GB3, activation_function__GB2, activation_function__GB1, activation_function__GB0, 
case__109: register_file_r_z__GB12, 
case__445: register_file_r_z__GB12, 
logic__1270: register_file_r_z__GB12, 
muxpart__646: register_file_r_z__GB9, 
reg__24: register_file__GB2, 
logic__1426: register_file_r_z__GB12, 
logic__1454: register_file_r_z__GB12, 
logic__580: register_file_r_z__GB12, 
logic__74: activation_function__GB3, activation_function__GB2, activation_function__GB1, activation_function__GB0, 
case__8: activation_function__GB3, activation_function__GB2, activation_function__GB1, activation_function__GB0, 
logic__682: register_file_r_z__GB12, 
case__346: register_file_r_z__GB12, 
datapath__34: activation_function__GB3, activation_function__GB2, activation_function__GB1, activation_function__GB0, 
logic__1498: register_file_r_z__GB12, 
logic__1396: register_file_r_z__GB12, 
case__23: register_file_r_z__GB10, 
muxpart__434: register_file_r_z__GB12, 
muxpart__485: register_file_r_z__GB5, 
case__11: activation_function__GB3, activation_function__GB2, activation_function__GB1, activation_function__GB0, 
case__295: register_file_r_z__GB5, 
muxpart__582: register_file_r_z__GB12, 
case__93: register_file_r_z__GB12, 
logic__1272: register_file_r_z__GB12, 
muxpart__312: register_file_r_z__GB12, 
logic__1470: register_file_r_z__GB3, 
reg__235: register_file_r_z__GB6, 
logic__706: register_file_r_z__GB8, 
logic__872: register_file_r_z__GB12, 
case__127: register_file_r_z__GB8, 
reg__90: register_file__GB3, 
logic__498: register_file_r_z__GB12, 
muxpart__256: register_file_r_z__GB11, 
reg__193: register_file_r_z__GB5, 
case__168: register_file_r_z__GB8, 
muxpart__530: register_file_r_z__GB9, 
logic__1422: register_file_r_z__GB3, 
muxpart__213: register_file_r_z__GB12, 
logic__1274: register_file_r_z__GB12, 
muxpart__210: register_file_r_z__GB4, 
datapath__24: gru_cell__GC0, 
logic__906: register_file_r_z__GB12, 
muxpart__624: register_file_r_z__GB12, 
logic__154: register_file__GB3, 
reg__131: register_file__parameterized0__GB2, 
muxpart__668: register_file_r_z__GB12, 
logic__956: register_file_r_z__GB12, 
muxpart__611: register_file_r_z__GB4, 
muxpart__240: register_file_r_z__GB4, 
case__354: register_file_r_z__GB12, 
logic__1458: register_file_r_z__GB3, 
case__188: register_file_r_z__GB7, 
logic__726: register_file_r_z__GB11, 
reg__30: register_file__GB2, 
muxpart__40: register_file__GB3, 
case__172: register_file_r_z__GB7, 
reg__36: register_file__GB2, 
logic__124: register_file__GB3, 
logic__1466: register_file_r_z__GB12, 
datapath__23: gru_cell__GC0, 
logic__1490: register_file_r_z__GB12, 
logic__1472: register_file_r_z__GB12, 
muxpart__239: register_file_r_z__GB12, 
logic__1406: register_file_r_z__GB12, 
muxpart__495: register_file_r_z__GB9, 
logic__910: register_file_r_z__GB7, 
case__446: register_file_r_z__GB12, 
muxpart__427: register_file_r_z__GB12, 
logic__178: register_file__GB3, 
logic__1492: register_file_r_z__GB12, 
reg__104: register_file__GB3, 
case__279: register_file_r_z__GB5, 
muxpart__214: register_file_r_z__GB12, 
muxpart__313: register_file_r_z__GB12, 
reg__165: register_file__parameterized0__GB0, 
case__384: register_file_r_z__GB3, 
case__84: register_file_r_z__GB11, 
muxpart__151: register_file__parameterized0__GB2, 
muxpart__366: register_file_r_z__GB7, 
logic__204: register_file__GB3, 
case__53: register_file_r_z__GB12, 
logic__1058: register_file_r_z__GB12, 
logic__1154: register_file_r_z__GB12, 
muxpart__105: register_file__GB3, 
logic__888: register_file_r_z__GB12, 
reg__49: register_file__GB2, 
reg__73: register_file__GB2, 
logic__25: gru_cell__GC0, 
logic__1456: register_file_r_z__GB12, 
logic__1444: register_file_r_z__GB3, 
logic__270: register_file__GB3, 
logic__1512: register_file_r_z__GB12, 
logic__1204: register_file_r_z__GB12, 
logic__898: register_file_r_z__GB12, 
datapath: gru_cell__GC0, 
case__94: register_file_r_z__GB12, 
logic__510: register_file_r_z__GB12, 
case__339: register_file_r_z__GB5, 
muxpart__684: register_file_r_z__GB12, 
case__392: register_file_r_z__GB9, 
muxpart__82: register_file__GB3, 
reg__142: register_file__parameterized0__GB2, 
muxpart__63: register_file__GB3, 
logic__942: register_file_r_z__GB10, 
columnwise_mvm__GB1: columnwise_mvm__GB1, 
reg__209: register_file_r_z__GB8, 
logic__53: columnwise_mvm__GB2, columnwise_mvm__GB1, columnwise_mvm__GB0, 
logic__1373: register_file_r_z__GB3, 
muxpart__573: register_file_r_z__GB12, 
case__116: register_file_r_z__GB6, 
muxpart__238: register_file_r_z__GB12, 
logic__708: register_file_r_z__GB12, 
muxpart__449: register_file_r_z__GB12, 
case__448: register_file_r_z__GB3, 
case__120: register_file_r_z__GB7, 
reg__215: register_file_r_z__GB8, 
logic__1312: register_file_r_z__GB12, 
muxpart__690: register_file_r_z__GB3, 
muxpart__279: register_file_r_z__GB12, 
muxpart__622: register_file_r_z__GB12, 
case__442: register_file_r_z__GB12, 
logic__524: register_file_r_z__GB10, 
reg__41: register_file__GB2, 
reg__136: register_file__parameterized0__GB2, 
muxpart__524: register_file_r_z__GB12, 
logic__584: register_file_r_z__GB11, 
logic__526: register_file_r_z__GB10, 
case__407: register_file_r_z__GB3, 
logic__116: register_file__GB3, 
logic__65: activation_function__GB3, activation_function__GB2, activation_function__GB1, activation_function__GB0, 
muxpart__641: register_file_r_z__GB9, 
case__303: register_file_r_z__GB9, 
reg__244: register_file_r_z__GB6, 
case__153: register_file_r_z__GB12, 
case__219: register_file_r_z__GB7, 
logic__59: gru_cell__GC0, 
case__126: register_file_r_z__GB12, 
case__136: register_file_r_z__GB8, 
logic__814: register_file_r_z__GB7, 
logic__15: gru_cell__GC0, 
muxpart__508: register_file_r_z__GB12, 
reg__102: register_file__GB3, 
logic__40: gru_cell__GC0, 
logic__1410: register_file_r_z__GB12, 
reg__43: register_file__GB2, 
logic__800: register_file_r_z__GB12, 
logic__1190: register_file_r_z__GB5, 
muxpart__249: register_file_r_z__GB12, 
muxpart__13: register_file__GB3, 
logic__1438: register_file_r_z__GB12, 
muxpart__95: register_file__GB3, 
case__452: register_file_r_z__GB9, 
logic__574: register_file_r_z__GB11, 
logic__194: register_file__GB3, 
muxpart__104: register_file__GB3, 
datapath__42: activation_function__GB3, activation_function__GB2, activation_function__GB1, activation_function__GB0, 
case__335: register_file_r_z__GB5, 
